Archive member included to satisfy reference by file (symbol)

C:/ProgramData/MATLAB/SupportPackages/R2024b/3P.instrset/gnuarm-armcortex.instrset/win/bin/../lib/gcc/arm-none-eabi/13.2.1/thumb/v7e-m+fp/hard\libm.a(libm_a-s_ceil.o)
                              Group31_ProjectWork_EmbeddedSystem.o (ceil)
C:/ProgramData/MATLAB/SupportPackages/R2024b/3P.instrset/gnuarm-armcortex.instrset/win/bin/../lib/gcc/arm-none-eabi/13.2.1/thumb/v7e-m+fp/hard\libgcc.a(_arm_muldf3.o)
                              Group31_ProjectWork_EmbeddedSystem.o (__aeabi_dmul)
C:/ProgramData/MATLAB/SupportPackages/R2024b/3P.instrset/gnuarm-armcortex.instrset/win/bin/../lib/gcc/arm-none-eabi/13.2.1/thumb/v7e-m+fp/hard\libgcc.a(_arm_addsubdf3.o)
                              Group31_ProjectWork_EmbeddedSystem.o (__aeabi_dsub)
C:/ProgramData/MATLAB/SupportPackages/R2024b/3P.instrset/gnuarm-armcortex.instrset/win/bin/../lib/gcc/arm-none-eabi/13.2.1/thumb/v7e-m+fp/hard\libgcc.a(_arm_muldivdf3.o)
                              Group31_ProjectWork_EmbeddedSystem.o (__aeabi_ddiv)
C:/ProgramData/MATLAB/SupportPackages/R2024b/3P.instrset/gnuarm-armcortex.instrset/win/bin/../lib/gcc/arm-none-eabi/13.2.1/thumb/v7e-m+fp/hard\libgcc.a(_arm_cmpdf2.o)
                              Group31_ProjectWork_EmbeddedSystem.o (__aeabi_dcmpeq)
C:/ProgramData/MATLAB/SupportPackages/R2024b/3P.instrset/gnuarm-armcortex.instrset/win/bin/../lib/gcc/arm-none-eabi/13.2.1/thumb/v7e-m+fp/hard\libgcc.a(_arm_fixdfsi.o)
                              Group31_ProjectWork_EmbeddedSystem.o (__aeabi_d2iz)
C:/ProgramData/MATLAB/SupportPackages/R2024b/3P.instrset/gnuarm-armcortex.instrset/win/bin/../lib/gcc/arm-none-eabi/13.2.1/thumb/v7e-m+fp/hard\libgcc.a(_arm_fixunsdfsi.o)
                              Group31_ProjectWork_EmbeddedSystem.o (__aeabi_d2uiz)
C:/ProgramData/MATLAB/SupportPackages/R2024b/3P.instrset/gnuarm-armcortex.instrset/win/bin/../lib/gcc/arm-none-eabi/13.2.1/thumb/v7e-m+fp/hard\libgcc.a(_arm_truncdfsf2.o)
                              Group31_ProjectWork_EmbeddedSystem.o (__aeabi_d2f)
C:/ProgramData/MATLAB/SupportPackages/R2024b/3P.instrset/gnuarm-armcortex.instrset/win/bin/../lib/gcc/arm-none-eabi/13.2.1/thumb/v7e-m+fp/hard\libgcc.a(_aeabi_uldivmod.o)
                              stm32g4xx_ll_lpuart.o (__aeabi_uldivmod)
C:/ProgramData/MATLAB/SupportPackages/R2024b/3P.instrset/gnuarm-armcortex.instrset/win/bin/../lib/gcc/arm-none-eabi/13.2.1/thumb/v7e-m+fp/hard\libgcc.a(_udivmoddi4.o)
                              C:/ProgramData/MATLAB/SupportPackages/R2024b/3P.instrset/gnuarm-armcortex.instrset/win/bin/../lib/gcc/arm-none-eabi/13.2.1/thumb/v7e-m+fp/hard\libgcc.a(_aeabi_uldivmod.o) (__udivmoddi4)
C:/ProgramData/MATLAB/SupportPackages/R2024b/3P.instrset/gnuarm-armcortex.instrset/win/bin/../lib/gcc/arm-none-eabi/13.2.1/thumb/v7e-m+fp/hard\libgcc.a(_dvmd_tls.o)
                              C:/ProgramData/MATLAB/SupportPackages/R2024b/3P.instrset/gnuarm-armcortex.instrset/win/bin/../lib/gcc/arm-none-eabi/13.2.1/thumb/v7e-m+fp/hard\libgcc.a(_aeabi_uldivmod.o) (__aeabi_ldiv0)
C:/ProgramData/MATLAB/SupportPackages/R2024b/3P.instrset/gnuarm-armcortex.instrset/win/bin/../lib/gcc/arm-none-eabi/13.2.1/thumb/v7e-m+fp/hard\libc_nano.a(libc_a-exit.o)
                              C:/ProgramData/MATLAB/SupportPackages/R2024b/3P.instrset/gnuarm-armcortex.instrset/win/bin/../lib/gcc/arm-none-eabi/13.2.1/thumb/v7e-m+fp/hard/crt0.o (exit)
C:/ProgramData/MATLAB/SupportPackages/R2024b/3P.instrset/gnuarm-armcortex.instrset/win/bin/../lib/gcc/arm-none-eabi/13.2.1/thumb/v7e-m+fp/hard\libc_nano.a(libc_a-malloc.o)
                              Group31_ProjectWork_EmbeddedSystem.o (malloc)
C:/ProgramData/MATLAB/SupportPackages/R2024b/3P.instrset/gnuarm-armcortex.instrset/win/bin/../lib/gcc/arm-none-eabi/13.2.1/thumb/v7e-m+fp/hard\libc_nano.a(libc_a-mallocr.o)
                              C:/ProgramData/MATLAB/SupportPackages/R2024b/3P.instrset/gnuarm-armcortex.instrset/win/bin/../lib/gcc/arm-none-eabi/13.2.1/thumb/v7e-m+fp/hard\libc_nano.a(libc_a-malloc.o) (_malloc_r)
C:/ProgramData/MATLAB/SupportPackages/R2024b/3P.instrset/gnuarm-armcortex.instrset/win/bin/../lib/gcc/arm-none-eabi/13.2.1/thumb/v7e-m+fp/hard\libc_nano.a(libc_a-mlock.o)
                              C:/ProgramData/MATLAB/SupportPackages/R2024b/3P.instrset/gnuarm-armcortex.instrset/win/bin/../lib/gcc/arm-none-eabi/13.2.1/thumb/v7e-m+fp/hard\libc_nano.a(libc_a-mallocr.o) (__malloc_lock)
C:/ProgramData/MATLAB/SupportPackages/R2024b/3P.instrset/gnuarm-armcortex.instrset/win/bin/../lib/gcc/arm-none-eabi/13.2.1/thumb/v7e-m+fp/hard\libc_nano.a(libc_a-findfp.o)
                              C:/ProgramData/MATLAB/SupportPackages/R2024b/3P.instrset/gnuarm-armcortex.instrset/win/bin/../lib/gcc/arm-none-eabi/13.2.1/thumb/v7e-m+fp/hard\libc_nano.a(libc_a-exit.o) (__stdio_exit_handler)
[...]
Memory Configuration

Name             Origin             Length             Attributes
RAM              0x20000000         0x00020000         xrw
FLASH            0x08000000         0x00080000         xr
*default*        0x00000000         0xffffffff

Linker script and memory map

LOAD C:/ProgramData/MATLAB/SupportPackages/R2024b/3P.instrset/gnuarm-armcortex.instrset/win/bin/../lib/gcc/arm-none-eabi/13.2.1/thumb/v7e-m+fp/hard/crti.o
LOAD C:/ProgramData/MATLAB/SupportPackages/R2024b/3P.instrset/gnuarm-armcortex.instrset/win/bin/../lib/gcc/arm-none-eabi/13.2.1/thumb/v7e-m+fp/hard/crtbegin.o
LOAD C:/ProgramData/MATLAB/SupportPackages/R2024b/3P.instrset/gnuarm-armcortex.instrset/win/bin/../lib/gcc/arm-none-eabi/13.2.1/thumb/v7e-m+fp/hard/crt0.o
LOAD stm_timer_ll.o
LOAD stm_usart.o
LOAD stm_lpuart.o
LOAD Group31_ProjectWork_EmbeddedSystem.o
LOAD ert_main.o
LOAD rt_zcfcn.o
LOAD overrideHALDelay.o
LOAD platform_timer.o
LOAD SysTickScheduler.o
LOAD m3m4m4f_multitasking.o
LOAD main.o
LOAD stm32g4xx_it.o
LOAD stm32g4xx_hal_msp.o
LOAD stm32g4xx_hal_timebase_tim.o
LOAD stm32g4xx_ll_utils.o
LOAD stm32g4xx_ll_exti.o
LOAD stm32g4xx_ll_gpio.o
LOAD stm32g4xx_ll_dma.o
LOAD stm32g4xx_ll_lpuart.o
LOAD stm32g4xx_ll_rcc.o
LOAD stm32g4xx_hal.o
LOAD stm32g4xx_hal_rcc.o
LOAD stm32g4xx_hal_rcc_ex.o
LOAD stm32g4xx_hal_flash.o
LOAD stm32g4xx_hal_flash_ex.o
LOAD stm32g4xx_hal_flash_ramfunc.o
LOAD stm32g4xx_hal_gpio.o
LOAD stm32g4xx_hal_exti.o
LOAD stm32g4xx_hal_dma.o
LOAD stm32g4xx_hal_dma_ex.o
LOAD stm32g4xx_hal_pwr.o
LOAD stm32g4xx_hal_pwr_ex.o
LOAD stm32g4xx_hal_cortex.o
LOAD stm32g4xx_hal_tim.o
LOAD stm32g4xx_hal_tim_ex.o
LOAD stm32g4xx_ll_tim.o
LOAD system_stm32g4xx.o
LOAD syscalls.o
LOAD sysmem.o
LOAD startup_stm32g474retx.o
LOAD C:/ProgramData/MATLAB/SupportPackages/R2024b/3P.instrset/cmsis_dsp.instrset/Lib/GCC/arm_cortexm4ldfsp_math/libCMSISDSP.a
LOAD C:/ProgramData/MATLAB/SupportPackages/R2024b/toolbox/shared/supportpackages/stm32/lib/GCC/libmw_pdmfilter_m4_spfp.lib
LOAD C:/ProgramData/MATLAB/SupportPackages/R2024b/3P.instrset/gnuarm-armcortex.instrset/win/bin/../lib/gcc/arm-none-eabi/13.2.1/thumb/v7e-m+fp/hard\libstdc++_nano.a
LOAD C:/ProgramData/MATLAB/SupportPackages/R2024b/3P.instrset/gnuarm-armcortex.instrset/win/bin/../lib/gcc/arm-none-eabi/13.2.1/thumb/v7e-m+fp/hard\libm.a
START GROUP
LOAD C:/ProgramData/MATLAB/SupportPackages/R2024b/3P.instrset/gnuarm-armcortex.instrset/win/bin/../lib/gcc/arm-none-eabi/13.2.1/thumb/v7e-m+fp/hard\libgcc.a
LOAD C:/ProgramData/MATLAB/SupportPackages/R2024b/3P.instrset/gnuarm-armcortex.instrset/win/bin/../lib/gcc/arm-none-eabi/13.2.1/thumb/v7e-m+fp/hard\libc_nano.a
END GROUP
START GROUP
LOAD C:/ProgramData/MATLAB/SupportPackages/R2024b/3P.instrset/gnuarm-armcortex.instrset/win/bin/../lib/gcc/arm-none-eabi/13.2.1/thumb/v7e-m+fp/hard\libgcc.a
LOAD C:/ProgramData/MATLAB/SupportPackages/R2024b/3P.instrset/gnuarm-armcortex.instrset/win/bin/../lib/gcc/arm-none-eabi/13.2.1/thumb/v7e-m+fp/hard\libc_nano.a
LOAD C:/ProgramData/MATLAB/SupportPackages/R2024b/3P.instrset/gnuarm-armcortex.instrset/win/bin/../lib/gcc/arm-none-eabi/13.2.1/thumb/v7e-m+fp/hard\libnosys.a
END GROUP
START GROUP
LOAD C:/ProgramData/MATLAB/SupportPackages/R2024b/3P.instrset/gnuarm-armcortex.instrset/win/bin/../lib/gcc/arm-none-eabi/13.2.1/thumb/v7e-m+fp/hard\libgcc.a
LOAD C:/ProgramData/MATLAB/SupportPackages/R2024b/3P.instrset/gnuarm-armcortex.instrset/win/bin/../lib/gcc/arm-none-eabi/13.2.1/thumb/v7e-m+fp/hard\libc_nano.a
LOAD C:/ProgramData/MATLAB/SupportPackages/R2024b/3P.instrset/gnuarm-armcortex.instrset/win/bin/../lib/gcc/arm-none-eabi/13.2.1/thumb/v7e-m+fp/hard\libnosys.a
END GROUP
LOAD C:/ProgramData/MATLAB/SupportPackages/R2024b/3P.instrset/gnuarm-armcortex.instrset/win/bin/../lib/gcc/arm-none-eabi/13.2.1/thumb/v7e-m+fp/hard/crtend.o
LOAD C:/ProgramData/MATLAB/SupportPackages/R2024b/3P.instrset/gnuarm-armcortex.instrset/win/bin/../lib/gcc/arm-none-eabi/13.2.1/thumb/v7e-m+fp/hard/crtn.o
                0x20020000                        _estack = (ORIGIN (RAM) + LENGTH (RAM))
                0x00000200                        _Min_Heap_Size = 0x200
                0x00000400                        _Min_Stack_Size = 0x400

.isr_vector     0x08000000      0x1d8
                0x08000000                        . = ALIGN (0x4)
 *(.isr_vector)
 .isr_vector    0x08000000      0x1d8 startup_stm32g474retx.o
                0x08000000                g_pfnVectors
                0x080001d8                        . = ALIGN (0x4)

.text           0x080001d8     0xb3f0
                0x080001d8                        . = ALIGN (0x4)
 *(.text)
 .text          0x080001d8      0x378 C:/ProgramData/MATLAB/SupportPackages/R2024b/3P.instrset/gnuarm-armcortex.instrset/win/bin/../lib/gcc/arm-none-eabi/13.2.1/thumb/v7e-m+fp/hard\libgcc.a(_arm_addsubdf3.o)
                0x080001d8                __aeabi_drsub
                0x080001e0                __aeabi_dsub
                0x080001e0                __subdf3
                0x080001e4                __aeabi_dadd
                0x080001e4                __adddf3
                0x0800045c                __floatunsidf
                0x0800045c                __aeabi_ui2d
                0x0800047c                __floatsidf
                0x0800047c                __aeabi_i2d
                0x080004a0                __aeabi_f2d
                0x080004a0                __extendsfdf2
                0x080004e4                __floatundidf
                0x080004e4                __aeabi_ul2d
                0x080004f4                __floatdidf
                0x080004f4                __aeabi_l2d
 .text          0x08000550      0x424 C:/ProgramData/MATLAB/SupportPackages/R2024b/3P.instrset/gnuarm-armcortex.instrset/win/bin/../lib/gcc/arm-none-eabi/13.2.1/thumb/v7e-m+fp/hard\libgcc.a(_arm_muldivdf3.o)
                0x08000550                __aeabi_dmul
                0x08000550                __muldf3
                0x080007a4                __divdf3
                0x080007a4                __aeabi_ddiv
 .text          0x08000974      0x110 C:/ProgramData/MATLAB/SupportPackages/R2024b/3P.instrset/gnuarm-armcortex.instrset/win/bin/../lib/gcc/arm-none-eabi/13.2.1/thumb/v7e-m+fp/hard\libgcc.a(_arm_cmpdf2.o)
                0x08000974                __gtdf2
                0x08000974                __gedf2
                0x0800097c                __ltdf2
                0x0800097c                __ledf2
                0x08000984                __nedf2
                0x08000984                __eqdf2
                0x08000984                __cmpdf2
                0x08000a00                __aeabi_cdrcmple
                0x08000a10                __aeabi_cdcmpeq
                0x08000a10                __aeabi_cdcmple
                0x08000a20                __aeabi_dcmpeq
                0x08000a34                __aeabi_dcmplt
                0x08000a48                __aeabi_dcmple
                0x08000a5c                __aeabi_dcmpge
                0x08000a70                __aeabi_dcmpgt
 .text          0x08000a84       0x50 C:/ProgramData/MATLAB/SupportPackages/R2024b/3P.instrset/gnuarm-armcortex.instrset/win/bin/../lib/gcc/arm-none-eabi/13.2.1/thumb/v7e-m+fp/hard\libgcc.a(_arm_fixdfsi.o)
                0x08000a84                __aeabi_d2iz
                0x08000a84                __fixdfsi
 .text          0x08000ad4       0x40 C:/ProgramData/MATLAB/SupportPackages/R2024b/3P.instrset/gnuarm-armcortex.instrset/win/bin/../lib/gcc/arm-none-eabi/13.2.1/thumb/v7e-m+fp/hard\libgcc.a(_arm_fixunsdfsi.o)
                0x08000ad4                __aeabi_d2uiz
                0x08000ad4                __fixunsdfsi
 .text          0x08000b14       0xa0 C:/ProgramData/MATLAB/SupportPackages/R2024b/3P.instrset/gnuarm-armcortex.instrset/win/bin/../lib/gcc/arm-none-eabi/13.2.1/thumb/v7e-m+fp/hard\libgcc.a(_arm_truncdfsf2.o)
                0x08000b14                __truncdfsf2
                0x08000b14                __aeabi_d2f
 .text          0x08000bb4       0x30 C:/ProgramData/MATLAB/SupportPackages/R2024b/3P.instrset/gnuarm-armcortex.instrset/win/bin/../lib/gcc/arm-none-eabi/13.2.1/thumb/v7e-m+fp/hard\libgcc.a(_aeabi_uldivmod.o)
                0x08000bb4                __aeabi_uldivmod
 .text          0x08000be4        0x4 C:/ProgramData/MATLAB/SupportPackages/R2024b/3P.instrset/gnuarm-armcortex.instrset/win/bin/../lib/gcc/arm-none-eabi/13.2.1/thumb/v7e-m+fp/hard\libgcc.a(_dvmd_tls.o)
                0x08000be4                __aeabi_idiv0
                0x08000be4                __aeabi_ldiv0
 .text          0x08000be8       0x10 C:/ProgramData/MATLAB/SupportPackages/R2024b/3P.instrset/gnuarm-armcortex.instrset/win/bin/../lib/gcc/arm-none-eabi/13.2.1/thumb/v7e-m+fp/hard\libc_nano.a(libc_a-strlen.o)
                0x08000be8                strlen
 *(.text*)
 .text.deregister_tm_clones
                0x08000bf8       0x1c C:/ProgramData/MATLAB/SupportPackages/R2024b/3P.instrset/gnuarm-armcortex.instrset/win/bin/../lib/gcc/arm-none-eabi/13.2.1/thumb/v7e-m+fp/hard/crtbegin.o
 .text.register_tm_clones
                0x08000c14       0x24 C:/ProgramData/MATLAB/SupportPackages/R2024b/3P.instrset/gnuarm-armcortex.instrset/win/bin/../lib/gcc/arm-none-eabi/13.2.1/thumb/v7e-m+fp/hard/crtbegin.o
 .text.__do_global_dtors_aux
                0x08000c38       0x28 C:/ProgramData/MATLAB/SupportPackages/R2024b/3P.instrset/gnuarm-armcortex.instrset/win/bin/../lib/gcc/arm-none-eabi/13.2.1/thumb/v7e-m+fp/hard/crtbegin.o
 .text.frame_dummy
                0x08000c60       0x24 C:/ProgramData/MATLAB/SupportPackages/R2024b/3P.instrset/gnuarm-armcortex.instrset/win/bin/../lib/gcc/arm-none-eabi/13.2.1/thumb/v7e-m+fp/hard/crtbegin.o
 .text.LL_TIM_GetCounterMode
                0x08000c84       0x30 stm_timer_ll.o
 .text.LL_TIM_GetRepetitionCounter
                0x08000cb4       0x18 stm_timer_ll.o
 .text.LL_TIM_CC_EnableChannel
                0x08000ccc       0x22 stm_timer_ll.o
 .text.LL_TIM_CC_DisableChannel
                0x08000cee       0x24 stm_timer_ll.o
 .text.LL_TIM_EnableAllOutputs
                0x08000d12       0x20 stm_timer_ll.o
 .text.LL_TIM_EnableIT_UPDATE
                0x08000d32       0x20 stm_timer_ll.o
 .text.LL_TIM_DisableIT_UPDATE
                0x08000d52       0x20 stm_timer_ll.o
 .text.LL_TIM_IsEnabledIT_UPDATE
                0x08000d72       0x26 stm_timer_ll.o
 .text.LL_TIM_EnableIT_CC1
                0x08000d98       0x20 stm_timer_ll.o
 .text.LL_TIM_DisableIT_CC1
                0x08000db8       0x20 stm_timer_ll.o
 .text.LL_TIM_IsEnabledIT_CC1
                0x08000dd8       0x26 stm_timer_ll.o
 .text.LL_TIM_EnableIT_CC2
                0x08000dfe       0x20 stm_timer_ll.o
 .text.LL_TIM_DisableIT_CC2
                0x08000e1e       0x20 stm_timer_ll.o
 .text.LL_TIM_IsEnabledIT_CC2
                0x08000e3e       0x26 stm_timer_ll.o
 .text.LL_TIM_EnableIT_CC3
                0x08000e64       0x20 stm_timer_ll.o
 .text.LL_TIM_DisableIT_CC3
                0x08000e84       0x20 stm_timer_ll.o
 .text.LL_TIM_IsEnabledIT_CC3
                0x08000ea4       0x26 stm_timer_ll.o
 .text.LL_TIM_EnableIT_CC4
                0x08000eca       0x20 stm_timer_ll.o
 .text.LL_TIM_DisableIT_CC4
                0x08000eea       0x20 stm_timer_ll.o
 .text.LL_TIM_IsEnabledIT_CC4
                0x08000f0a       0x26 stm_timer_ll.o
 .text.LL_TIM_EnableIT_COM
                0x08000f30       0x20 stm_timer_ll.o
 .text.LL_TIM_DisableIT_COM
                0x08000f50       0x20 stm_timer_ll.o
 .text.LL_TIM_IsEnabledIT_COM
                0x08000f70       0x26 stm_timer_ll.o
 .text.LL_TIM_EnableIT_TRIG
                0x08000f96       0x20 stm_timer_ll.o
 .text.LL_TIM_DisableIT_TRIG
                0x08000fb6       0x20 stm_timer_ll.o
 .text.LL_TIM_IsEnabledIT_TRIG
                0x08000fd6       0x26 stm_timer_ll.o
 .text.LL_TIM_EnableIT_BRK
                0x08000ffc       0x20 stm_timer_ll.o
 .text.LL_TIM_DisableIT_BRK
                0x0800101c       0x20 stm_timer_ll.o
 .text.LL_TIM_IsEnabledIT_BRK
                0x0800103c       0x26 stm_timer_ll.o
 .text.LL_TIM_EnableIT_TERR
                0x08001062       0x20 stm_timer_ll.o
 .text.LL_TIM_DisableIT_TERR
                0x08001082       0x20 stm_timer_ll.o
 .text.LL_TIM_IsEnabledIT_TERR
                0x080010a2       0x28 stm_timer_ll.o
 .text.LL_TIM_EnableIT_IERR
                0x080010ca       0x20 stm_timer_ll.o
 .text.LL_TIM_DisableIT_IERR
                0x080010ea       0x20 stm_timer_ll.o
 .text.LL_TIM_IsEnabledIT_IERR
                0x0800110a       0x28 stm_timer_ll.o
 .text.LL_TIM_EnableIT_DIR
                0x08001132       0x20 stm_timer_ll.o
 .text.LL_TIM_DisableIT_DIR
                0x08001152       0x20 stm_timer_ll.o
 .text.LL_TIM_IsEnabledIT_DIR
                0x08001172       0x28 stm_timer_ll.o
 .text.LL_TIM_EnableIT_IDX
                0x0800119a       0x20 stm_timer_ll.o
 .text.LL_TIM_DisableIT_IDX
                0x080011ba       0x20 stm_timer_ll.o
 .text.LL_TIM_IsEnabledIT_IDX
                0x080011da       0x28 stm_timer_ll.o
 .text.enableTimerInterrupts
                0x08001202      0x1c4 stm_timer_ll.o
                0x08001202                enableTimerInterrupts
 .text.disableTimerInterrupts
                0x080013c6      0x1c4 stm_timer_ll.o
                0x080013c6                disableTimerInterrupts
 *fill*         0x0800158a        0x2 
 .text.enableTimerChannel1
                0x0800158c       0xb0 stm_timer_ll.o
                0x0800158c                enableTimerChannel1
 .text.disableTimerChannel1
                0x0800163c       0xb0 stm_timer_ll.o
                0x0800163c                disableTimerChannel1
 .text.enableTimerChannel2
                0x080016ec       0xb0 stm_timer_ll.o
                0x080016ec                enableTimerChannel2
 .text.disableTimerChannel2
                0x0800179c       0xb0 stm_timer_ll.o
                0x0800179c                disableTimerChannel2
 .text.enableTimerChannel4
                0x0800184c       0xb8 stm_timer_ll.o
                0x0800184c                enableTimerChannel4
 .text.disableTimerChannel4
                0x08001904       0xb8 stm_timer_ll.o
                0x08001904                disableTimerChannel4
 .text.Timer_Handle_Init
                0x080019bc      0x12c stm_timer_ll.o
                0x080019bc                Timer_Handle_Init
 .text.LL_DMA_GetDataLength
                0x08001ae8       0x30 stm_usart.o
 .text.checkIfTransmitBufferFull
                0x08001b18       0x64 stm_usart.o
                0x08001b18                checkIfTransmitBufferFull
 .text.copyToTransmitBuffer
                0x08001b7c       0xf4 stm_usart.o
                0x08001b7c                copyToTransmitBuffer
 .text.getAvailableDataInBuffer
                0x08001c70       0xcc stm_usart.o
                0x08001c70                getAvailableDataInBuffer
 .text.getBytesToBeReadFromBuffer
                0x08001d3c       0x6e stm_usart.o
                0x08001d3c                getBytesToBeReadFromBuffer
 *fill*         0x08001daa        0x2 
 .text.readDataFromBuffer
                0x08001dac       0xdc stm_usart.o
                0x08001dac                readDataFromBuffer
 .text.__NVIC_GetPriorityGrouping
                0x08001e88       0x1c stm_lpuart.o
 .text.__NVIC_EnableIRQ
                0x08001ea4       0x3c stm_lpuart.o
 .text.__NVIC_SetPriority
                0x08001ee0       0x54 stm_lpuart.o
 .text.NVIC_EncodePriority
                0x08001f34       0x66 stm_lpuart.o
 *fill*         0x08001f9a        0x2 
 .text.LL_DMA_EnableChannel
                0x08001f9c       0x44 stm_lpuart.o
 .text.LL_DMA_SetDataLength
                0x08001fe0       0x4c stm_lpuart.o
 .text.LL_DMA_ConfigAddresses
                0x0800202c       0x7c stm_lpuart.o
 .text.LL_DMA_EnableIT_TC
                0x080020a8       0x44 stm_lpuart.o
 .text.LL_DMA_DisableIT_TC
                0x080020ec       0x44 stm_lpuart.o
 .text.LL_LPUART_Enable
                0x08002130       0x20 stm_lpuart.o
 .text.LL_LPUART_Disable
                0x08002150       0x20 stm_lpuart.o
 .text.LL_LPUART_IsEnabled
                0x08002170       0x26 stm_lpuart.o
 .text.LL_LPUART_IsActiveFlag_PE
                0x08002196       0x26 stm_lpuart.o
 .text.LL_LPUART_IsActiveFlag_FE
                0x080021bc       0x26 stm_lpuart.o
 .text.LL_LPUART_IsActiveFlag_NE
                0x080021e2       0x26 stm_lpuart.o
 .text.LL_LPUART_IsActiveFlag_ORE
                0x08002208       0x26 stm_lpuart.o
 .text.LL_LPUART_IsActiveFlag_RXNE_RXFNE
                0x0800222e       0x26 stm_lpuart.o
 .text.LL_LPUART_IsActiveFlag_TXE_TXFNF
                0x08002254       0x26 stm_lpuart.o
 .text.LL_LPUART_ClearFlag_PE
                0x0800227a       0x1a stm_lpuart.o
 .text.LL_LPUART_ClearFlag_FE
                0x08002294       0x1a stm_lpuart.o
 .text.LL_LPUART_ClearFlag_NE
                0x080022ae       0x1a stm_lpuart.o
 .text.LL_LPUART_ClearFlag_ORE
                0x080022c8       0x1a stm_lpuart.o
 .text.LL_LPUART_EnableIT_RXNE_RXFNE
                0x080022e2       0x42 stm_lpuart.o
 .text.LL_LPUART_EnableIT_TXE_TXFNF
                0x08002324       0x42 stm_lpuart.o
 .text.LL_LPUART_EnableIT_PE
                0x08002366       0x42 stm_lpuart.o
 .text.LL_LPUART_EnableIT_ERROR
                0x080023a8       0x46 stm_lpuart.o
 .text.LL_LPUART_DisableIT_RXNE_RXFNE
                0x080023ee       0x42 stm_lpuart.o
 .text.LL_LPUART_DisableIT_TXE_TXFNF
                0x08002430       0x42 stm_lpuart.o
 .text.LL_LPUART_DisableIT_PE
                0x08002472       0x42 stm_lpuart.o
 .text.LL_LPUART_DisableIT_ERROR
                0x080024b4       0x46 stm_lpuart.o
 .text.LL_LPUART_EnableDMAReq_RX
                0x080024fa       0x46 stm_lpuart.o
 .text.LL_LPUART_DisableDMAReq_RX
                0x08002540       0x46 stm_lpuart.o
 .text.LL_LPUART_EnableDMAReq_TX
                0x08002586       0x46 stm_lpuart.o
 .text.LL_LPUART_DisableDMAReq_TX
                0x080025cc       0x46 stm_lpuart.o
 .text.LL_LPUART_DMA_GetRegAddr
                0x08002612       0x2c stm_lpuart.o
 .text.LL_LPUART_ReceiveData8
                0x0800263e       0x1a stm_lpuart.o
 .text.LL_LPUART_TransmitData8
                0x08002658       0x1e stm_lpuart.o
 .text.LPUART_IsActiveFlagRXNE
                0x08002676       0xca stm_lpuart.o
                0x08002676                LPUART_IsActiveFlagRXNE
 .text.LPUART_IsActiveFlagError
                0x08002740       0xf4 stm_lpuart.o
                0x08002740                LPUART_IsActiveFlagError
 .text.LPUART_IsActiveFlagTXE
                0x08002834       0x7a stm_lpuart.o
                0x08002834                LPUART_IsActiveFlagTXE
 *fill*         0x080028ae        0x2 
 .text.LPUART1_IRQHandler
                0x080028b0       0x18 stm_lpuart.o
                0x080028b0                LPUART1_IRQHandler
 .text.LPUART_ConfigureReceiveDMA
                0x080028c8       0xae stm_lpuart.o
                0x080028c8                LPUART_ConfigureReceiveDMA
 .text.LPUART_ConfigureTransmitDMA
                0x08002976       0x7a stm_lpuart.o
                0x08002976                LPUART_ConfigureTransmitDMA
 .text.MW_LPUART_GetReadErrorStatus
                0x080029f0       0xc8 stm_lpuart.o
                0x080029f0                MW_LPUART_GetReadErrorStatus
 .text.MW_LPUART_Initialize
                0x08002ab8      0x170 stm_lpuart.o
                0x08002ab8                MW_LPUART_Initialize
 .text.MW_LPUART_ReceiveUsingBuffer
                0x08002c28       0x5c stm_lpuart.o
                0x08002c28                MW_LPUART_ReceiveUsingBuffer
 .text.MW_LPUART_TransmitUsingInterrupt
                0x08002c84       0xd4 stm_lpuart.o
                0x08002c84                MW_LPUART_TransmitUsingInterrupt
 .text.MW_LPUART_DeInit
                0x08002d58       0xaa stm_lpuart.o
                0x08002d58                MW_LPUART_DeInit
 .text.LL_TIM_EnableCounter
                0x08002e02       0x20 Group31_ProjectWork_EmbeddedSystem.o
 .text.LL_TIM_DisableCounter
                0x08002e22       0x20 Group31_ProjectWork_EmbeddedSystem.o
 .text.LL_TIM_SetUpdateSource
                0x08002e42       0x26 Group31_ProjectWork_EmbeddedSystem.o
 .text.LL_TIM_GetUpdateSource
                0x08002e68       0x1c Group31_ProjectWork_EmbeddedSystem.o
 .text.LL_TIM_GetAutoReload
                0x08002e84       0x18 Group31_ProjectWork_EmbeddedSystem.o
 .text.LL_TIM_SetRepetitionCounter
                0x08002e9c       0x1c Group31_ProjectWork_EmbeddedSystem.o
 .text.LL_TIM_OC_SetCompareCH1
                0x08002eb8       0x1c Group31_ProjectWork_EmbeddedSystem.o
 .text.LL_TIM_OC_SetCompareCH2
                0x08002ed4       0x1c Group31_ProjectWork_EmbeddedSystem.o
 .text.LL_TIM_OC_SetCompareCH4
                0x08002ef0       0x1c Group31_ProjectWork_EmbeddedSystem.o
 .text.LL_TIM_OC_GetCompareCH1
                0x08002f0c       0x18 Group31_ProjectWork_EmbeddedSystem.o
 .text.LL_TIM_OC_GetCompareCH2
                0x08002f24       0x18 Group31_ProjectWork_EmbeddedSystem.o
 .text.LL_TIM_OC_GetCompareCH4
                0x08002f3c       0x18 Group31_ProjectWork_EmbeddedSystem.o
 .text.LL_TIM_GenerateEvent_UPDATE
                0x08002f54       0x20 Group31_ProjectWork_EmbeddedSystem.o
 .text.LL_GPIO_ReadInputPort
                0x08002f74       0x18 Group31_ProjectWork_EmbeddedSystem.o
 .text.LL_GPIO_SetOutputPin
                0x08002f8c       0x1c Group31_ProjectWork_EmbeddedSystem.o
 .text.LL_GPIO_ResetOutputPin
                0x08002fa8       0x1c Group31_ProjectWork_EmbeddedSystem.o
 .text.convertDutyCyclePercentageToCounts
                0x08002fc4       0x88 Group31_ProjectWork_EmbeddedSystem.o
 .text.setDutyCycleChannel1
                0x0800304c       0x30 Group31_ProjectWork_EmbeddedSystem.o
 .text.setDutyCycleChannel2
                0x0800307c       0x30 Group31_ProjectWork_EmbeddedSystem.o
 .text.setDutyCycleChannel4
                0x080030ac       0x30 Group31_ProjectWork_EmbeddedSystem.o
 .text.setDutyCycleInPercentageChannel1
                0x080030dc       0x28 Group31_ProjectWork_EmbeddedSystem.o
 .text.setDutyCycleInPercentageChannel2
                0x08003104       0x28 Group31_ProjectWork_EmbeddedSystem.o
 .text.setDutyCycleInPercentageChannel4
                0x0800312c       0x28 Group31_ProjectWork_EmbeddedSystem.o
 .text.isSlaveTriggerModeEnabled
                0x08003154       0x30 Group31_ProjectWork_EmbeddedSystem.o
 .text.enableCounter
                0x08003184      0x118 Group31_ProjectWork_EmbeddedSystem.o
 .text.disableCounter
                0x0800329c       0x1a Group31_ProjectWork_EmbeddedSystem.o
 .text.Group31_ProjectW_emxInit_char_T
                0x080032b6       0x74 Group31_ProjectWork_EmbeddedSystem.o
 .text.Group3_emxEnsureCapacity_char_T
                0x0800332a       0xca Group31_ProjectWork_EmbeddedSystem.o
 .text.Group31_ProjectWork_Em_notifica
                0x080033f4      0x20c Group31_ProjectWork_EmbeddedSystem.o
 .text.Group31_ProjectW_emxFree_char_T
                0x08003600       0x54 Group31_ProjectWork_EmbeddedSystem.o
 .text.Group31_Proje_enter_atomic_NOT2
                0x08003654      0x4c8 Group31_ProjectWork_EmbeddedSystem.o
 .text.Group31_ProjectWor_myStr2Double
                0x08003b1c       0xd0 Group31_ProjectWork_EmbeddedSystem.o
 .text.Group31_ProjectWork_E_applyConv
                0x08003bec       0x28 Group31_ProjectWork_EmbeddedSystem.o
 .text.Group31_ProjectWo_setVeneziane1
                0x08003c14      0x3f8 Group31_ProjectWork_EmbeddedSystem.o
 .text.Group31_ProjectWork_Embedd_MENU
                0x0800400c      0x3f8 Group31_ProjectWork_EmbeddedSystem.o
 .text.Group31_Projec_configDurataLuci
                0x08004404       0x88 Group31_ProjectWork_EmbeddedSystem.o
 .text.Gro_enter_atomic_setDurataLuci1
                0x0800448c      0x34c Group31_ProjectWork_EmbeddedSystem.o
 .text.Group31_ProjectW_setDurataLuci1
                0x080047d8      0x3d0 Group31_ProjectWork_EmbeddedSystem.o
 .text.Group31_ProjectWo_configModLuci
                0x08004ba8       0x6c Group31_ProjectWork_EmbeddedSystem.o
 .text.Group31_Project_setModalitaLuci
                0x08004c14      0x358 Group31_ProjectWork_EmbeddedSystem.o
 .text.Group31_Projec_setModalitaLuci1
                0x08004f6c      0x31c Group31_ProjectWork_EmbeddedSystem.o
 .text.Group31_Proje_configTemperatura
                0x08005288       0x74 Group31_ProjectWork_EmbeddedSystem.o
 .text.Gr_enter_atomic_setTemperatura1
                0x080052fc      0x330 Group31_ProjectWork_EmbeddedSystem.o
 .text.Group31_Project_setTemperatura1
                0x0800562c      0x420 Group31_ProjectWork_EmbeddedSystem.o
 .text.Group31_Project_configVeneziane
                0x08005a4c       0x5c Group31_ProjectWork_EmbeddedSystem.o
 .text.Group31_ProjectWor_setVeneziane
                0x08005aa8      0x358 Group31_ProjectWork_EmbeddedSystem.o
 .text.Gr_exit_internal_CONFIGURAZIONE
                0x08005e00      0x110 Group31_ProjectWork_EmbeddedSystem.o
 .text.Group31_ProjectWo_opTemperatura
                0x08005f10      0x208 Group31_ProjectWork_EmbeddedSystem.o
 .text.Group31_ProjectWork_opVeneziane
                0x08006118       0xb4 Group31_ProjectWork_EmbeddedSystem.o
 .text.Group31_ProjectW_CONFIGURAZIONE
                0x080061cc      0x738 Group31_ProjectWork_EmbeddedSystem.o
 .text.Group31_Projec_SystemCore_setup
                0x08006904       0x58 Group31_ProjectWork_EmbeddedSystem.o
 .text.Group31_Pro_UARTWrite_setupImpl
                0x0800695c       0x44 Group31_ProjectWork_EmbeddedSystem.o
 .text.Group31_Pro_PWMOutput_setupImpl
                0x080069a0       0x84 Group31_ProjectWork_EmbeddedSystem.o
 .text.Group31_P_PWMOutput_setupImpl_p
                0x08006a24       0x6c Group31_ProjectWork_EmbeddedSystem.o
 .text.Group31_ProjectWork_EmbeddedSystem_step
                0x08006a90      0xa2c Group31_ProjectWork_EmbeddedSystem.o
                0x08006a90                Group31_ProjectWork_EmbeddedSystem_step
 *fill*         0x080074bc        0x4 
 .text.Group31_ProjectWork_EmbeddedSystem_initialize
                0x080074c0      0x1e0 Group31_ProjectWork_EmbeddedSystem.o
                0x080074c0                Group31_ProjectWork_EmbeddedSystem_initialize
 .text.Group31_ProjectWork_EmbeddedSystem_terminate
                0x080076a0      0x120 Group31_ProjectWork_EmbeddedSystem.o
                0x080076a0                Group31_ProjectWork_EmbeddedSystem_terminate
 .text.rt_OneStep
                0x080077c0       0x4c ert_main.o
                0x080077c0                rt_OneStep
 .text.main     0x0800780c       0xd8 ert_main.o
                0x0800780c                main
 .text.rt_ZCFcn
                0x080078e4      0x124 rt_zcfcn.o
                0x080078e4                rt_ZCFcn
 .text.PeriphCommonClock_Config
                0x08007a08       0x10 platform_timer.o
                0x08007a08                PeriphCommonClock_Config
 .text.getCurrentTimestampInMicros
                0x08007a18       0x3c platform_timer.o
                0x08007a18                getCurrentTimestampInMicros
 .text.returnTimeElapsed
                0x08007a54       0x2c platform_timer.o
                0x08007a54                returnTimeElapsed
 .text.__NVIC_SetPriority
                0x08007a80       0x54 SysTickScheduler.o
 .text.SysTick_Config
                0x08007ad4       0x44 SysTickScheduler.o
 .text.SysTick_Isr
                0x08007b18       0x48 SysTickScheduler.o
 .text.SysTick_Handler
                0x08007b60       0x20 SysTickScheduler.o
                0x08007b60                SysTick_Handler
 .text.ARMCM_SysTick_Config
                0x08007b80       0xb0 SysTickScheduler.o
                0x08007b80                ARMCM_SysTick_Config
 .text.PendSV_Handler
                0x08007c30       0x44 m3m4m4f_multitasking.o
                0x08007c30                PendSV_Handler
 .text.SVC_Handler
                0x08007c74       0x58 m3m4m4f_multitasking.o
                0x08007c74                SVC_Handler
 .text.__NVIC_GetPriorityGrouping
                0x08007ccc       0x1c main.o
 .text.__NVIC_EnableIRQ
                0x08007ce8       0x3c main.o
 .text.__NVIC_SetPriority
                0x08007d24       0x54 main.o
 .text.NVIC_EncodePriority
                0x08007d78       0x66 main.o
 *fill*         0x08007dde        0x2 
 .text.LL_DMA_SetDataTransferDirection
                0x08007de0       0x50 main.o
 .text.LL_DMA_SetMode
                0x08007e30       0x4c main.o
 .text.LL_DMA_SetPeriphIncMode
                0x08007e7c       0x4c main.o
 .text.LL_DMA_SetMemoryIncMode
                0x08007ec8       0x4c main.o
 .text.LL_DMA_SetPeriphSize
                0x08007f14       0x4c main.o
 .text.LL_DMA_SetMemorySize
                0x08007f60       0x4c main.o
 .text.LL_DMA_SetChannelPriorityLevel
                0x08007fac       0x4c main.o
 .text.LL_DMA_SetPeriphRequest
                0x08007ff8       0x54 main.o
 .text.LL_LPUART_Enable
                0x0800804c       0x20 main.o
 .text.LL_LPUART_DisableFIFO
                0x0800806c       0x20 main.o
 .text.LL_LPUART_SetTXFIFOThreshold
                0x0800808c       0x4e main.o
 .text.LL_LPUART_SetRXFIFOThreshold
                0x080080da       0x4e main.o
 .text.LL_LPUART_IsActiveFlag_TEACK
                0x08008128       0x28 main.o
 .text.LL_LPUART_IsActiveFlag_REACK
                0x08008150       0x28 main.o
 .text.LL_RCC_HSI_Enable
                0x08008178       0x20 main.o
 .text.LL_RCC_HSI_IsReady
                0x08008198       0x28 main.o
 .text.LL_RCC_HSI_SetCalibTrimming
                0x080081c0       0x2c main.o
 .text.LL_RCC_SetSysClkSource
                0x080081ec       0x28 main.o
 .text.LL_RCC_GetSysClkSource
                0x08008214       0x1c main.o
 .text.LL_RCC_SetAHBPrescaler
                0x08008230       0x28 main.o
 .text.LL_RCC_SetAPB1Prescaler
                0x08008258       0x28 main.o
 .text.LL_RCC_SetAPB2Prescaler
                0x08008280       0x28 main.o
 .text.LL_RCC_SetLPUARTClockSource
                0x080082a8       0x2c main.o
 .text.LL_AHB1_GRP1_EnableClock
                0x080082d4       0x30 main.o
 .text.LL_AHB2_GRP1_EnableClock
                0x08008304       0x30 main.o
 .text.LL_APB1_GRP1_EnableClock
                0x08008334       0x30 main.o
 .text.LL_APB1_GRP2_EnableClock
                0x08008364       0x30 main.o
 .text.LL_SYSCFG_SetEXTISource
                0x08008394       0x70 main.o
 .text.LL_FLASH_SetLatency
                0x08008404       0x28 main.o
 .text.LL_FLASH_GetLatency
                0x0800842c       0x1c main.o
 .text.LL_PWR_SetRegulVoltageScaling
                0x08008448       0x28 main.o
 .text.LL_TIM_DisableARRPreload
                0x08008470       0x20 main.o
 .text.LL_TIM_OC_DisableFast
                0x08008490       0xb0 main.o
 .text.LL_TIM_OC_EnablePreload
                0x08008540       0xac main.o
 .text.LL_TIM_SetTriggerOutput
                0x080085ec       0x2a main.o
 .text.LL_TIM_DisableMasterSlaveMode
                0x08008616       0x20 main.o
 .text.LL_GPIO_SetPinMode
                0x08008636       0x7a main.o
 .text.LL_GPIO_SetPinPull
                0x080086b0       0x7a main.o
 .text.LL_GPIO_ResetOutputPin
                0x0800872a       0x1c main.o
 *fill*         0x08008746        0x2 
 .text.SystemClock_Config
                0x08008748       0x78 main.o
                0x08008748                SystemClock_Config
 .text.MX_LPUART1_UART_Init
                0x080087c0      0x148 main.o
                0x080087c0                MX_LPUART1_UART_Init
 .text.MX_TIM3_Init
                0x08008908      0x164 main.o
                0x08008908                MX_TIM3_Init
 .text.MX_TIM4_Init
                0x08008a6c       0xd8 main.o
                0x08008a6c                MX_TIM4_Init
 .text.MX_DMA_Init
                0x08008b44       0x34 main.o
                0x08008b44                MX_DMA_Init
 .text.MX_GPIO_Init
                0x08008b78      0x148 main.o
                0x08008b78                MX_GPIO_Init
 .text.HAL_TIM_PeriodElapsedCallback
                0x08008cc0       0x1e main.o
                0x08008cc0                HAL_TIM_PeriodElapsedCallback
 .text.Error_Handler
                0x08008cde        0xc main.o
                0x08008cde                Error_Handler
 *fill*         0x08008cea        0x2 
 .text.LL_EXTI_IsActiveFlag_0_31
                0x08008cec       0x2c stm32g4xx_it.o
 .text.LL_EXTI_ClearFlag_0_31
                0x08008d18       0x20 stm32g4xx_it.o
 .text.NMI_Handler
                0x08008d38        0x8 stm32g4xx_it.o
                0x08008d38                NMI_Handler
 .text.HardFault_Handler
                0x08008d40        0x8 stm32g4xx_it.o
                0x08008d40                HardFault_Handler
 .text.MemManage_Handler
                0x08008d48        0x8 stm32g4xx_it.o
                0x08008d48                MemManage_Handler
 .text.BusFault_Handler
                0x08008d50        0x8 stm32g4xx_it.o
                0x08008d50                BusFault_Handler
 .text.UsageFault_Handler
                0x08008d58        0x8 stm32g4xx_it.o
                0x08008d58                UsageFault_Handler
 .text.DebugMon_Handler
                0x08008d60        0xe stm32g4xx_it.o
                0x08008d60                DebugMon_Handler
 .text.DMA1_Channel1_IRQHandler
                0x08008d6e        0xe stm32g4xx_it.o
                0x08008d6e                DMA1_Channel1_IRQHandler
 .text.TIM2_IRQHandler
                0x08008d7c       0x14 stm32g4xx_it.o
                0x08008d7c                TIM2_IRQHandler
 .text.EXTI15_10_IRQHandler
                0x08008d90       0x1e stm32g4xx_it.o
                0x08008d90                EXTI15_10_IRQHandler
 *fill*         0x08008dae        0x2 
 .text.HAL_MspInit
                0x08008db0       0x48 stm32g4xx_hal_msp.o
                0x08008db0                HAL_MspInit
 .text.HAL_InitTick
                0x08008df8       0xdc stm32g4xx_hal_timebase_tim.o
                0x08008df8                HAL_InitTick
 .text.LL_SetSystemCoreClock
                0x08008ed4       0x20 stm32g4xx_ll_utils.o
                0x08008ed4                LL_SetSystemCoreClock
 .text.LL_EXTI_EnableIT_0_31
                0x08008ef4       0x24 stm32g4xx_ll_exti.o
 .text.LL_EXTI_EnableIT_32_63
                0x08008f18       0x24 stm32g4xx_ll_exti.o
 .text.LL_EXTI_DisableIT_0_31
                0x08008f3c       0x28 stm32g4xx_ll_exti.o
 .text.LL_EXTI_DisableIT_32_63
                0x08008f64       0x28 stm32g4xx_ll_exti.o
 .text.LL_EXTI_EnableEvent_0_31
                0x08008f8c       0x24 stm32g4xx_ll_exti.o
 .text.LL_EXTI_EnableEvent_32_63
                0x08008fb0       0x24 stm32g4xx_ll_exti.o
 .text.LL_EXTI_DisableEvent_0_31
                0x08008fd4       0x28 stm32g4xx_ll_exti.o
 .text.LL_EXTI_DisableEvent_32_63
                0x08008ffc       0x28 stm32g4xx_ll_exti.o
 .text.LL_EXTI_EnableRisingTrig_0_31
                0x08009024       0x24 stm32g4xx_ll_exti.o
 .text.LL_EXTI_EnableRisingTrig_32_63
                0x08009048       0x24 stm32g4xx_ll_exti.o
 .text.LL_EXTI_DisableRisingTrig_0_31
                0x0800906c       0x28 stm32g4xx_ll_exti.o
 .text.LL_EXTI_DisableRisingTrig_32_63
                0x08009094       0x28 stm32g4xx_ll_exti.o
 .text.LL_EXTI_EnableFallingTrig_0_31
                0x080090bc       0x24 stm32g4xx_ll_exti.o
 .text.LL_EXTI_EnableFallingTrig_32_63
                0x080090e0       0x24 stm32g4xx_ll_exti.o
 .text.LL_EXTI_DisableFallingTrig_0_31
                0x08009104       0x28 stm32g4xx_ll_exti.o
 .text.LL_EXTI_DisableFallingTrig_32_63
                0x0800912c       0x28 stm32g4xx_ll_exti.o
 .text.LL_EXTI_Init
                0x08009154      0x1ec stm32g4xx_ll_exti.o
                0x08009154                LL_EXTI_Init
 .text.LL_GPIO_SetPinMode
                0x08009340       0x7a stm32g4xx_ll_gpio.o
 .text.LL_GPIO_SetPinOutputType
                0x080093ba       0x30 stm32g4xx_ll_gpio.o
 .text.LL_GPIO_SetPinSpeed
                0x080093ea       0x7a stm32g4xx_ll_gpio.o
 .text.LL_GPIO_SetPinPull
                0x08009464       0x7a stm32g4xx_ll_gpio.o
 .text.LL_GPIO_SetAFPin_0_7
                0x080094de       0x7a stm32g4xx_ll_gpio.o
 .text.LL_GPIO_SetAFPin_8_15
                0x08009558       0x7e stm32g4xx_ll_gpio.o
 .text.LL_GPIO_Init
                0x080095d6       0xdc stm32g4xx_ll_gpio.o
                0x080095d6                LL_GPIO_Init
 .text.LL_LPUART_IsEnabled
                0x080096b2       0x26 stm32g4xx_ll_lpuart.o
 .text.LL_LPUART_SetPrescaler
                0x080096d8       0x28 stm32g4xx_ll_lpuart.o
 .text.LL_LPUART_SetStopBitsLength
                0x08009700       0x26 stm32g4xx_ll_lpuart.o
 .text.LL_LPUART_SetHWFlowCtrl
                0x08009726       0x26 stm32g4xx_ll_lpuart.o
 .text.LL_LPUART_SetBaudRate
                0x0800974c       0x98 stm32g4xx_ll_lpuart.o
 .text.LL_LPUART_Init
                0x080097e4       0x98 stm32g4xx_ll_lpuart.o
                0x080097e4                LL_LPUART_Init
 .text.LL_RCC_HSI_IsReady
                0x0800987c       0x28 stm32g4xx_ll_rcc.o
 .text.LL_RCC_LSE_IsReady
                0x080098a4       0x28 stm32g4xx_ll_rcc.o
 .text.LL_RCC_GetSysClkSource
                0x080098cc       0x1c stm32g4xx_ll_rcc.o
 .text.LL_RCC_GetAHBPrescaler
                0x080098e8       0x1c stm32g4xx_ll_rcc.o
 .text.LL_RCC_GetAPB1Prescaler
                0x08009904       0x1c stm32g4xx_ll_rcc.o
 .text.LL_RCC_GetLPUARTClockSource
                0x08009920       0x24 stm32g4xx_ll_rcc.o
 .text.LL_RCC_PLL_GetMainSource
                0x08009944       0x1c stm32g4xx_ll_rcc.o
 .text.LL_RCC_PLL_GetN
                0x08009960       0x1c stm32g4xx_ll_rcc.o
 .text.LL_RCC_PLL_GetR
                0x0800997c       0x1c stm32g4xx_ll_rcc.o
 .text.LL_RCC_PLL_GetDivider
                0x08009998       0x1c stm32g4xx_ll_rcc.o
 .text.LL_RCC_GetLPUARTClockFreq
                0x080099b4       0x84 stm32g4xx_ll_rcc.o
                0x080099b4                LL_RCC_GetLPUARTClockFreq
 .text.RCC_GetSystemClockFreq
                0x08009a38       0x4c stm32g4xx_ll_rcc.o
 .text.RCC_GetHCLKClockFreq
                0x08009a84       0x30 stm32g4xx_ll_rcc.o
 .text.RCC_GetPCLK1ClockFreq
                0x08009ab4       0x2c stm32g4xx_ll_rcc.o
 .text.RCC_PLL_GetFreqDomain_SYS
                0x08009ae0       0x68 stm32g4xx_ll_rcc.o
 .text.HAL_Init
                0x08009b48       0x30 stm32g4xx_hal.o
                0x08009b48                HAL_Init
 .text.HAL_IncTick
                0x08009b78       0x24 stm32g4xx_hal.o
                0x08009b78                HAL_IncTick
 .text.HAL_GetTick
                0x08009b9c       0x18 stm32g4xx_hal.o
                0x08009b9c                HAL_GetTick
 .text.HAL_RCC_GetHCLKFreq
                0x08009bb4       0x18 stm32g4xx_hal_rcc.o
                0x08009bb4                HAL_RCC_GetHCLKFreq
 .text.HAL_RCC_GetPCLK1Freq
                0x08009bcc       0x2c stm32g4xx_hal_rcc.o
                0x08009bcc                HAL_RCC_GetPCLK1Freq
 .text.HAL_RCC_GetClockConfig
                0x08009bf8       0x64 stm32g4xx_hal_rcc.o
                0x08009bf8                HAL_RCC_GetClockConfig
 .text.HAL_PWREx_DisableUCPDDeadBattery
                0x08009c5c       0x20 stm32g4xx_hal_pwr_ex.o
                0x08009c5c                HAL_PWREx_DisableUCPDDeadBattery
 .text.__NVIC_SetPriorityGrouping
                0x08009c7c       0x48 stm32g4xx_hal_cortex.o
 .text.__NVIC_GetPriorityGrouping
                0x08009cc4       0x1c stm32g4xx_hal_cortex.o
 .text.__NVIC_EnableIRQ
                0x08009ce0       0x3c stm32g4xx_hal_cortex.o
 .text.__NVIC_SetPriority
                0x08009d1c       0x54 stm32g4xx_hal_cortex.o
 .text.NVIC_EncodePriority
                0x08009d70       0x66 stm32g4xx_hal_cortex.o
 .text.HAL_NVIC_SetPriorityGrouping
                0x08009dd6       0x16 stm32g4xx_hal_cortex.o
                0x08009dd6                HAL_NVIC_SetPriorityGrouping
 .text.HAL_NVIC_SetPriority
                0x08009dec       0x34 stm32g4xx_hal_cortex.o
                0x08009dec                HAL_NVIC_SetPriority
 .text.HAL_NVIC_EnableIRQ
                0x08009e20       0x1c stm32g4xx_hal_cortex.o
                0x08009e20                HAL_NVIC_EnableIRQ
 .text.HAL_TIM_Base_Init
                0x08009e3c       0xae stm32g4xx_hal_tim.o
                0x08009e3c                HAL_TIM_Base_Init
 .text.HAL_TIM_Base_MspInit
                0x08009eea       0x14 stm32g4xx_hal_tim.o
                0x08009eea                HAL_TIM_Base_MspInit
 *fill*         0x08009efe        0x2 
 .text.HAL_TIM_Base_Start_IT
                0x08009f00       0xf0 stm32g4xx_hal_tim.o
                0x08009f00                HAL_TIM_Base_Start_IT
 .text.HAL_TIM_IRQHandler
                0x08009ff0      0x2fe stm32g4xx_hal_tim.o
                0x08009ff0                HAL_TIM_IRQHandler
 .text.HAL_TIM_OC_DelayElapsedCallback
                0x0800a2ee       0x14 stm32g4xx_hal_tim.o
                0x0800a2ee                HAL_TIM_OC_DelayElapsedCallback
 .text.HAL_TIM_IC_CaptureCallback
                0x0800a302       0x14 stm32g4xx_hal_tim.o
                0x0800a302                HAL_TIM_IC_CaptureCallback
 .text.HAL_TIM_PWM_PulseFinishedCallback
                0x0800a316       0x14 stm32g4xx_hal_tim.o
                0x0800a316                HAL_TIM_PWM_PulseFinishedCallback
 .text.HAL_TIM_TriggerCallback
                0x0800a32a       0x14 stm32g4xx_hal_tim.o
                0x0800a32a                HAL_TIM_TriggerCallback
 *fill*         0x0800a33e        0x2 
 .text.TIM_Base_SetConfig
                0x0800a340      0x150 stm32g4xx_hal_tim.o
                0x0800a340                TIM_Base_SetConfig
 .text.HAL_TIMEx_CommutCallback
                0x0800a490       0x14 stm32g4xx_hal_tim_ex.o
                0x0800a490                HAL_TIMEx_CommutCallback
 .text.HAL_TIMEx_BreakCallback
                0x0800a4a4       0x14 stm32g4xx_hal_tim_ex.o
                0x0800a4a4                HAL_TIMEx_BreakCallback
 .text.HAL_TIMEx_Break2Callback
                0x0800a4b8       0x14 stm32g4xx_hal_tim_ex.o
                0x0800a4b8                HAL_TIMEx_Break2Callback
 .text.HAL_TIMEx_EncoderIndexCallback
                0x0800a4cc       0x14 stm32g4xx_hal_tim_ex.o
                0x0800a4cc                HAL_TIMEx_EncoderIndexCallback
 .text.HAL_TIMEx_DirectionChangeCallback
                0x0800a4e0       0x14 stm32g4xx_hal_tim_ex.o
                0x0800a4e0                HAL_TIMEx_DirectionChangeCallback
 .text.HAL_TIMEx_IndexErrorCallback
                0x0800a4f4       0x14 stm32g4xx_hal_tim_ex.o
                0x0800a4f4                HAL_TIMEx_IndexErrorCallback
 .text.HAL_TIMEx_TransitionErrorCallback
                0x0800a508       0x14 stm32g4xx_hal_tim_ex.o
                0x0800a508                HAL_TIMEx_TransitionErrorCallback
 .text.LL_TIM_SetPrescaler
                0x0800a51c       0x1c stm32g4xx_ll_tim.o
 .text.LL_TIM_SetAutoReload
                0x0800a538       0x1c stm32g4xx_ll_tim.o
 .text.LL_TIM_SetRepetitionCounter
                0x0800a554       0x1c stm32g4xx_ll_tim.o
 .text.LL_TIM_OC_SetCompareCH1
                0x0800a570       0x1c stm32g4xx_ll_tim.o
 .text.LL_TIM_OC_SetCompareCH2
                0x0800a58c       0x1c stm32g4xx_ll_tim.o
 .text.LL_TIM_OC_SetCompareCH3
                0x0800a5a8       0x1c stm32g4xx_ll_tim.o
 .text.LL_TIM_OC_SetCompareCH4
                0x0800a5c4       0x1c stm32g4xx_ll_tim.o
 .text.LL_TIM_OC_SetCompareCH5
                0x0800a5e0       0x20 stm32g4xx_ll_tim.o
 .text.LL_TIM_OC_SetCompareCH6
                0x0800a600       0x1c stm32g4xx_ll_tim.o
 .text.LL_TIM_GenerateEvent_UPDATE
                0x0800a61c       0x20 stm32g4xx_ll_tim.o
 .text.LL_TIM_Init
                0x0800a63c      0x144 stm32g4xx_ll_tim.o
                0x0800a63c                LL_TIM_Init
 .text.LL_TIM_OC_Init
                0x0800a780       0xbe stm32g4xx_ll_tim.o
                0x0800a780                LL_TIM_OC_Init
 *fill*         0x0800a83e        0x2 
 .text.OC1Config
                0x0800a840      0x10c stm32g4xx_ll_tim.o
 .text.OC2Config
                0x0800a94c      0x114 stm32g4xx_ll_tim.o
 .text.OC3Config
                0x0800aa60      0x114 stm32g4xx_ll_tim.o
 .text.OC4Config
                0x0800ab74      0x114 stm32g4xx_ll_tim.o
 .text.OC5Config
                0x0800ac88       0xd4 stm32g4xx_ll_tim.o
 .text.OC6Config
                0x0800ad5c       0xd4 stm32g4xx_ll_tim.o
 .text.SystemInit
                0x0800ae30       0x24 system_stm32g4xx.o
                0x0800ae30                SystemInit
 .text._sbrk    0x0800ae54       0x6c sysmem.o
                0x0800ae54                _sbrk
 .text.Reset_Handler
                0x0800aec0       0x50 startup_stm32g474retx.o
                0x0800aec0                Reset_Handler
 .text.Default_Handler
                0x0800af10        0x2 startup_stm32g474retx.o
                0x0800af10                RTC_Alarm_IRQHandler
                0x0800af10                EXTI2_IRQHandler
                0x0800af10                TIM8_TRG_COM_IRQHandler
                0x0800af10                TIM8_CC_IRQHandler
                0x0800af10                HRTIM1_Master_IRQHandler
                0x0800af10                SPI4_IRQHandler
                0x0800af10                FDCAN3_IT0_IRQHandler
                0x0800af10                TIM1_CC_IRQHandler
                0x0800af10                HRTIM1_FLT_IRQHandler
                0x0800af10                HRTIM1_TIMF_IRQHandler
                0x0800af10                USB_HP_IRQHandler
                0x0800af10                CORDIC_IRQHandler
                0x0800af10                HRTIM1_TIMD_IRQHandler
                0x0800af10                DMA2_Channel8_IRQHandler
                0x0800af10                EXTI3_IRQHandler
                0x0800af10                I2C3_ER_IRQHandler
                0x0800af10                EXTI0_IRQHandler
                0x0800af10                I2C2_EV_IRQHandler
                0x0800af10                FPU_IRQHandler
                0x0800af10                FDCAN1_IT1_IRQHandler
                0x0800af10                TIM1_UP_TIM16_IRQHandler
                0x0800af10                ADC1_2_IRQHandler
                0x0800af10                HRTIM1_TIME_IRQHandler
                0x0800af10                SPI1_IRQHandler
                0x0800af10                TIM6_DAC_IRQHandler
                0x0800af10                HRTIM1_TIMC_IRQHandler
                0x0800af10                TIM8_UP_IRQHandler
                0x0800af10                DMA2_Channel2_IRQHandler
                0x0800af10                DMA1_Channel4_IRQHandler
                0x0800af10                TIM20_TRG_COM_IRQHandler
                0x0800af10                USART3_IRQHandler
                0x0800af10                DMA1_Channel7_IRQHandler
                0x0800af10                UART5_IRQHandler
                0x0800af10                ADC3_IRQHandler
                0x0800af10                TIM4_IRQHandler
                0x0800af10                DMA2_Channel1_IRQHandler
                0x0800af10                QUADSPI_IRQHandler
                0x0800af10                I2C1_EV_IRQHandler
                0x0800af10                DMA1_Channel6_IRQHandler
                0x0800af10                UART4_IRQHandler
                0x0800af10                DMA2_Channel4_IRQHandler
                0x0800af10                TIM3_IRQHandler
                0x0800af10                RCC_IRQHandler
                0x0800af10                TIM20_UP_IRQHandler
                0x0800af10                Default_Handler
                0x0800af10                DMA2_Channel7_IRQHandler
                0x0800af10                RTC_TAMP_LSECSS_IRQHandler
                0x0800af10                FMAC_IRQHandler
                0x0800af10                DMA1_Channel8_IRQHandler
                0x0800af10                HRTIM1_TIMA_IRQHandler
                0x0800af10                TIM7_DAC_IRQHandler
                0x0800af10                FDCAN3_IT1_IRQHandler
                0x0800af10                TIM5_IRQHandler
                0x0800af10                UCPD1_IRQHandler
                0x0800af10                I2C3_EV_IRQHandler
                0x0800af10                EXTI9_5_IRQHandler
                0x0800af10                RTC_WKUP_IRQHandler
                0x0800af10                PVD_PVM_IRQHandler
                0x0800af10                SPI2_IRQHandler
                0x0800af10                ADC5_IRQHandler
                0x0800af10                DMA2_Channel5_IRQHandler
                0x0800af10                CRS_IRQHandler
                0x0800af10                DMA1_Channel5_IRQHandler
                0x0800af10                USB_LP_IRQHandler
                0x0800af10                EXTI4_IRQHandler
                0x0800af10                RNG_IRQHandler
                0x0800af10                HRTIM1_TIMB_IRQHandler
                0x0800af10                TIM1_TRG_COM_TIM17_IRQHandler
                0x0800af10                FDCAN2_IT1_IRQHandler
                0x0800af10                DMA1_Channel3_IRQHandler
                0x0800af10                ADC4_IRQHandler
                0x0800af10                WWDG_IRQHandler
                0x0800af10                I2C4_EV_IRQHandler
                0x0800af10                FDCAN2_IT0_IRQHandler
                0x0800af10                DMA2_Channel6_IRQHandler
                0x0800af10                FDCAN1_IT0_IRQHandler
                0x0800af10                COMP7_IRQHandler
                0x0800af10                COMP1_2_3_IRQHandler
                0x0800af10                EXTI1_IRQHandler
                0x0800af10                USART2_IRQHandler
                0x0800af10                COMP4_5_6_IRQHandler
                0x0800af10                TIM20_BRK_IRQHandler
                0x0800af10                I2C2_ER_IRQHandler
                0x0800af10                DMA1_Channel2_IRQHandler
                0x0800af10                TIM8_BRK_IRQHandler
                0x0800af10                FLASH_IRQHandler
                0x0800af10                TIM20_CC_IRQHandler
                0x0800af10                USART1_IRQHandler
                0x0800af10                SPI3_IRQHandler
                0x0800af10                I2C1_ER_IRQHandler
                0x0800af10                FMC_IRQHandler
                0x0800af10                LPTIM1_IRQHandler
                0x0800af10                DMAMUX_OVR_IRQHandler
                0x0800af10                I2C4_ER_IRQHandler
                0x0800af10                USBWakeUp_IRQHandler
                0x0800af10                SAI1_IRQHandler
                0x0800af10                DMA2_Channel3_IRQHandler
                0x0800af10                TIM1_BRK_TIM15_IRQHandler
 *fill*         0x0800af12        0x6 
 .text.ceil     0x0800af18      0x100 C:/ProgramData/MATLAB/SupportPackages/R2024b/3P.instrset/gnuarm-armcortex.instrset/win/bin/../lib/gcc/arm-none-eabi/13.2.1/thumb/v7e-m+fp/hard\libm.a(libm_a-s_ceil.o)
                0x0800af18                ceil
 .text.__udivmoddi4
                0x0800b018      0x2bc C:/ProgramData/MATLAB/SupportPackages/R2024b/3P.instrset/gnuarm-armcortex.instrset/win/bin/../lib/gcc/arm-none-eabi/13.2.1/thumb/v7e-m+fp/hard\libgcc.a(_udivmoddi4.o)
                0x0800b018                __udivmoddi4
 .text.malloc   0x0800b2d4       0x10 C:/ProgramData/MATLAB/SupportPackages/R2024b/3P.instrset/gnuarm-armcortex.instrset/win/bin/../lib/gcc/arm-none-eabi/13.2.1/thumb/v7e-m+fp/hard\libc_nano.a(libc_a-malloc.o)
                0x0800b2d4                malloc
 .text.free     0x0800b2e4       0x10 C:/ProgramData/MATLAB/SupportPackages/R2024b/3P.instrset/gnuarm-armcortex.instrset/win/bin/../lib/gcc/arm-none-eabi/13.2.1/thumb/v7e-m+fp/hard\libc_nano.a(libc_a-malloc.o)
                0x0800b2e4                free
 .text.sbrk_aligned
                0x0800b2f4       0x44 C:/ProgramData/MATLAB/SupportPackages/R2024b/3P.instrset/gnuarm-armcortex.instrset/win/bin/../lib/gcc/arm-none-eabi/13.2.1/thumb/v7e-m+fp/hard\libc_nano.a(libc_a-mallocr.o)
 .text._malloc_r
                0x0800b338      0x100 C:/ProgramData/MATLAB/SupportPackages/R2024b/3P.instrset/gnuarm-armcortex.instrset/win/bin/../lib/gcc/arm-none-eabi/13.2.1/thumb/v7e-m+fp/hard\libc_nano.a(libc_a-mallocr.o)
                0x0800b338                _malloc_r
 .text.__malloc_lock
                0x0800b438        0xc C:/ProgramData/MATLAB/SupportPackages/R2024b/3P.instrset/gnuarm-armcortex.instrset/win/bin/../lib/gcc/arm-none-eabi/13.2.1/thumb/v7e-m+fp/hard\libc_nano.a(libc_a-mlock.o)
                0x0800b438                __malloc_lock
 .text.__malloc_unlock
                0x0800b444        0xc C:/ProgramData/MATLAB/SupportPackages/R2024b/3P.instrset/gnuarm-armcortex.instrset/win/bin/../lib/gcc/arm-none-eabi/13.2.1/thumb/v7e-m+fp/hard\libc_nano.a(libc_a-mlock.o)
                0x0800b444                __malloc_unlock
 .text.memset   0x0800b450       0x10 C:/ProgramData/MATLAB/SupportPackages/R2024b/3P.instrset/gnuarm-armcortex.instrset/win/bin/../lib/gcc/arm-none-eabi/13.2.1/thumb/v7e-m+fp/hard\libc_nano.a(libc_a-memset.o)
                0x0800b450                memset
 .text.strncpy  0x0800b460       0x26 C:/ProgramData/MATLAB/SupportPackages/R2024b/3P.instrset/gnuarm-armcortex.instrset/win/bin/../lib/gcc/arm-none-eabi/13.2.1/thumb/v7e-m+fp/hard\libc_nano.a(libc_a-strncpy.o)
                0x0800b460                strncpy
 *fill*         0x0800b486        0x2 
 .text._sbrk_r  0x0800b488       0x20 C:/ProgramData/MATLAB/SupportPackages/R2024b/3P.instrset/gnuarm-armcortex.instrset/win/bin/../lib/gcc/arm-none-eabi/13.2.1/thumb/v7e-m+fp/hard\libc_nano.a(libc_a-sbrkr.o)
                0x0800b488                _sbrk_r
 .text.__errno  0x0800b4a8        0xc C:/ProgramData/MATLAB/SupportPackages/R2024b/3P.instrset/gnuarm-armcortex.instrset/win/bin/../lib/gcc/arm-none-eabi/13.2.1/thumb/v7e-m+fp/hard\libc_nano.a(libc_a-errno.o)
                0x0800b4a8                __errno
 .text.__libc_init_array
                0x0800b4b4       0x48 C:/ProgramData/MATLAB/SupportPackages/R2024b/3P.instrset/gnuarm-armcortex.instrset/win/bin/../lib/gcc/arm-none-eabi/13.2.1/thumb/v7e-m+fp/hard\libc_nano.a(libc_a-init.o)
                0x0800b4b4                __libc_init_array
 .text.__retarget_lock_acquire_recursive
                0x0800b4fc        0x2 C:/ProgramData/MATLAB/SupportPackages/R2024b/3P.instrset/gnuarm-armcortex.instrset/win/bin/../lib/gcc/arm-none-eabi/13.2.1/thumb/v7e-m+fp/hard\libc_nano.a(libc_a-lock.o)
                0x0800b4fc                __retarget_lock_acquire_recursive
 .text.__retarget_lock_release_recursive
                0x0800b4fe        0x2 C:/ProgramData/MATLAB/SupportPackages/R2024b/3P.instrset/gnuarm-armcortex.instrset/win/bin/../lib/gcc/arm-none-eabi/13.2.1/thumb/v7e-m+fp/hard\libc_nano.a(libc_a-lock.o)
                0x0800b4fe                __retarget_lock_release_recursive
 .text.memcpy   0x0800b500       0x1c C:/ProgramData/MATLAB/SupportPackages/R2024b/3P.instrset/gnuarm-armcortex.instrset/win/bin/../lib/gcc/arm-none-eabi/13.2.1/thumb/v7e-m+fp/hard\libc_nano.a(libc_a-memcpy-stub.o)
                0x0800b500                memcpy
 .text._free_r  0x0800b51c       0x94 C:/ProgramData/MATLAB/SupportPackages/R2024b/3P.instrset/gnuarm-armcortex.instrset/win/bin/../lib/gcc/arm-none-eabi/13.2.1/thumb/v7e-m+fp/hard\libc_nano.a(libc_a-freer.o)
                0x0800b51c                _free_r
 *(.glue_7)
 .glue_7        0x0800b5b0        0x0 linker stubs
 *(.glue_7t)
 .glue_7t       0x0800b5b0        0x0 linker stubs
 *(.eh_frame)
 .eh_frame      0x0800b5b0        0x0 C:/ProgramData/MATLAB/SupportPackages/R2024b/3P.instrset/gnuarm-armcortex.instrset/win/bin/../lib/gcc/arm-none-eabi/13.2.1/thumb/v7e-m+fp/hard/crtbegin.o
 *(.init)
 .init          0x0800b5b0        0x4 C:/ProgramData/MATLAB/SupportPackages/R2024b/3P.instrset/gnuarm-armcortex.instrset/win/bin/../lib/gcc/arm-none-eabi/13.2.1/thumb/v7e-m+fp/hard/crti.o
                0x0800b5b0                _init
 .init          0x0800b5b4        0x8 C:/ProgramData/MATLAB/SupportPackages/R2024b/3P.instrset/gnuarm-armcortex.instrset/win/bin/../lib/gcc/arm-none-eabi/13.2.1/thumb/v7e-m+fp/hard/crtn.o
 *(.fini)
 .fini          0x0800b5bc        0x4 C:/ProgramData/MATLAB/SupportPackages/R2024b/3P.instrset/gnuarm-armcortex.instrset/win/bin/../lib/gcc/arm-none-eabi/13.2.1/thumb/v7e-m+fp/hard/crti.o
                0x0800b5bc                _fini
 .fini          0x0800b5c0        0x8 C:/ProgramData/MATLAB/SupportPackages/R2024b/3P.instrset/gnuarm-armcortex.instrset/win/bin/../lib/gcc/arm-none-eabi/13.2.1/thumb/v7e-m+fp/hard/crtn.o
                0x0800b5c8                        . = ALIGN (0x4)
                0x0800b5c8                        _etext = .

.vfp11_veneer   0x0800b5c8        0x0
 .vfp11_veneer  0x0800b5c8        0x0 linker stubs

.v4_bx          0x0800b5c8        0x0
 .v4_bx         0x0800b5c8        0x0 linker stubs

.iplt           0x0800b5c8        0x0
 .iplt          0x0800b5c8        0x0 C:/ProgramData/MATLAB/SupportPackages/R2024b/3P.instrset/gnuarm-armcortex.instrset/win/bin/../lib/gcc/arm-none-eabi/13.2.1/thumb/v7e-m+fp/hard/crtbegin.o

.rodata         0x0800b5c8      0x714
                0x0800b5c8                        . = ALIGN (0x4)
 *(.rodata)
 .rodata        0x0800b5c8        0x1 Group31_ProjectWork_EmbeddedSystem.o
 *(.rodata*)
 *fill*         0x0800b5c9        0x3 
 .rodata.CHANNEL_OFFSET_TAB
                0x0800b5cc        0x8 stm_usart.o
 .rodata.CHANNEL_OFFSET_TAB
                0x0800b5d4        0x8 stm_lpuart.o
 .rodata.Group31_ProjectWork_Embedded_M
                0x0800b5dc        0x4 Group31_ProjectWork_EmbeddedSystem.o
                0x0800b5dc                Group31_ProjectWork_Embedded_M
 .rodata.b.31   0x0800b5e0       0x1f Group31_ProjectWork_EmbeddedSystem.o
 *fill*         0x0800b5ff        0x1 
 .rodata.e.30   0x0800b600        0xb Group31_ProjectWork_EmbeddedSystem.o
 *fill*         0x0800b60b        0x1 
 .rodata.f.29   0x0800b60c        0x6 Group31_ProjectWork_EmbeddedSystem.o
 *fill*         0x0800b612        0x2 
 .rodata.k_Value.28
                0x0800b614        0x6 Group31_ProjectWork_EmbeddedSystem.o
 *fill*         0x0800b61a        0x2 
 .rodata.l_Value.27
                0x0800b61c        0x6 Group31_ProjectWork_EmbeddedSystem.o
 *fill*         0x0800b622        0x2 
 .rodata.o.26   0x0800b624       0x1f Group31_ProjectWork_EmbeddedSystem.o
 *fill*         0x0800b643        0x1 
 .rodata.n_Value.25
                0x0800b644        0x6 Group31_ProjectWork_EmbeddedSystem.o
 *fill*         0x0800b64a        0x2 
 .rodata.m_Value.24
                0x0800b64c        0x6 Group31_ProjectWork_EmbeddedSystem.o
 *fill*         0x0800b652        0x2 
 .rodata.j_Value.23
                0x0800b654       0x66 Group31_ProjectWork_EmbeddedSystem.o
 *fill*         0x0800b6ba        0x2 
 .rodata.i_Value.22
                0x0800b6bc       0x6a Group31_ProjectWork_EmbeddedSystem.o
 *fill*         0x0800b726        0x2 
 .rodata.h_Value.21
                0x0800b728       0x3d Group31_ProjectWork_EmbeddedSystem.o
 *fill*         0x0800b765        0x3 
 .rodata.f_Value.20
                0x0800b768       0x29 Group31_ProjectWork_EmbeddedSystem.o
 *fill*         0x0800b791        0x3 
 .rodata.g_Value.19
                0x0800b794       0x22 Group31_ProjectWork_EmbeddedSystem.o
 *fill*         0x0800b7b6        0x2 
 .rodata.h_Value.18
                0x0800b7b8       0x14 Group31_ProjectWork_EmbeddedSystem.o
 .rodata.i_Value.17
                0x0800b7cc       0x51 Group31_ProjectWork_EmbeddedSystem.o
 *fill*         0x0800b81d        0x3 
 .rodata.j_Value.16
                0x0800b820       0x66 Group31_ProjectWork_EmbeddedSystem.o
 *fill*         0x0800b886        0x2 
 .rodata.i_Value.15
                0x0800b888       0x22 Group31_ProjectWork_EmbeddedSystem.o
 *fill*         0x0800b8aa        0x2 
 .rodata.h_Value.14
                0x0800b8ac       0x3f Group31_ProjectWork_EmbeddedSystem.o
 *fill*         0x0800b8eb        0x1 
 .rodata.h_Value.13
                0x0800b8ec       0x51 Group31_ProjectWork_EmbeddedSystem.o
 *fill*         0x0800b93d        0x3 
 .rodata.i_Value.12
                0x0800b940       0x66 Group31_ProjectWork_EmbeddedSystem.o
 *fill*         0x0800b9a6        0x2 
 .rodata.g_Value.11
                0x0800b9a8       0x41 Group31_ProjectWork_EmbeddedSystem.o
 *fill*         0x0800b9e9        0x3 
 .rodata.h_Value.10
                0x0800b9ec       0x3f Group31_ProjectWork_EmbeddedSystem.o
 *fill*         0x0800ba2b        0x1 
 .rodata.j_Value.9
                0x0800ba2c       0x66 Group31_ProjectWork_EmbeddedSystem.o
 *fill*         0x0800ba92        0x2 
 .rodata.i_Value.8
                0x0800ba94       0x14 Group31_ProjectWork_EmbeddedSystem.o
 .rodata.i_Value.7
                0x0800baa8       0x51 Group31_ProjectWork_EmbeddedSystem.o
 *fill*         0x0800baf9        0x3 
 .rodata.f_Value.6
                0x0800bafc       0x29 Group31_ProjectWork_EmbeddedSystem.o
 *fill*         0x0800bb25        0x3 
 .rodata.k_Value.5
                0x0800bb28       0x22 Group31_ProjectWork_EmbeddedSystem.o
 *fill*         0x0800bb4a        0x2 
 .rodata.l_Value.4
                0x0800bb4c       0x14 Group31_ProjectWork_EmbeddedSystem.o
 .rodata.g_Value.3
                0x0800bb60       0x66 Group31_ProjectWork_EmbeddedSystem.o
 *fill*         0x0800bbc6        0x2 
 .rodata.h_Value.2
                0x0800bbc8       0x6b Group31_ProjectWork_EmbeddedSystem.o
 *fill*         0x0800bc33        0x1 
 .rodata.c_Value.1
                0x0800bc34        0xa Group31_ProjectWork_EmbeddedSystem.o
 *fill*         0x0800bc3e        0x2 
 .rodata.d_Value.0
                0x0800bc40       0x3a Group31_ProjectWork_EmbeddedSystem.o
 *fill*         0x0800bc7a        0x2 
 .rodata.eventMatrix.0
                0x0800bc7c       0x10 rt_zcfcn.o
 .rodata.CHANNEL_OFFSET_TAB
                0x0800bc8c        0x8 main.o
 .rodata.OFFSET_TAB_CCMRx
                0x0800bc94        0xa main.o
 *fill*         0x0800bc9e        0x2 
 .rodata.SHIFT_TAB_OCxx
                0x0800bca0        0xa main.o
 *fill*         0x0800bcaa        0x2 
 .rodata.LPUART_PRESCALER_TAB
                0x0800bcac       0x18 stm32g4xx_ll_lpuart.o
 .rodata.AHBPrescTable
                0x0800bcc4       0x10 system_stm32g4xx.o
                0x0800bcc4                AHBPrescTable
 .rodata.APBPrescTable
                0x0800bcd4        0x8 system_stm32g4xx.o
                0x0800bcd4                APBPrescTable
                0x0800bcdc                        . = ALIGN (0x4)

.ARM.extab      0x0800bcdc        0x0
                0x0800bcdc                        . = ALIGN (0x4)
 *(.ARM.extab* .gnu.linkonce.armextab.*)
                0x0800bcdc                        . = ALIGN (0x4)

.ARM            0x0800bcdc        0x8
                0x0800bcdc                        . = ALIGN (0x4)
                0x0800bcdc                        __exidx_start = .
 *(.ARM.exidx*)
 .ARM.exidx     0x0800bcdc        0x8 C:/ProgramData/MATLAB/SupportPackages/R2024b/3P.instrset/gnuarm-armcortex.instrset/win/bin/../lib/gcc/arm-none-eabi/13.2.1/thumb/v7e-m+fp/hard\libc_nano.a(libc_a-strlen.o)
 .ARM.exidx.text.__udivmoddi4
                0x0800bce4        0x0 C:/ProgramData/MATLAB/SupportPackages/R2024b/3P.instrset/gnuarm-armcortex.instrset/win/bin/../lib/gcc/arm-none-eabi/13.2.1/thumb/v7e-m+fp/hard\libgcc.a(_udivmoddi4.o)
                                  0x8 (size before relaxing)
                0x0800bce4                        __exidx_end = .
                0x0800bce4                        . = ALIGN (0x4)

.rel.dyn        0x0800bce4        0x0
 .rel.iplt      0x0800bce4        0x0 C:/ProgramData/MATLAB/SupportPackages/R2024b/3P.instrset/gnuarm-armcortex.instrset/win/bin/../lib/gcc/arm-none-eabi/13.2.1/thumb/v7e-m+fp/hard/crtbegin.o

.preinit_array  0x0800bce4        0x0
                0x0800bce4                        . = ALIGN (0x4)
                0x0800bce4                        PROVIDE (__preinit_array_start = .)
 *(.preinit_array*)
                0x0800bce4                        PROVIDE (__preinit_array_end = .)
                0x0800bce4                        . = ALIGN (0x4)

.init_array     0x0800bce4        0x4
                0x0800bce4                        . = ALIGN (0x4)
                0x0800bce4                        PROVIDE (__init_array_start = .)
 *(SORT_BY_NAME(.init_array.*))
 *(.init_array*)
 .init_array    0x0800bce4        0x4 C:/ProgramData/MATLAB/SupportPackages/R2024b/3P.instrset/gnuarm-armcortex.instrset/win/bin/../lib/gcc/arm-none-eabi/13.2.1/thumb/v7e-m+fp/hard/crtbegin.o
                0x0800bce8                        PROVIDE (__init_array_end = .)
                0x0800bce8                        . = ALIGN (0x4)

.fini_array     0x0800bce8        0x4
                0x0800bce8                        . = ALIGN (0x4)
                [!provide]                        PROVIDE (__fini_array_start = .)
 *(SORT_BY_NAME(.fini_array.*))
 *(.fini_array*)
 .fini_array    0x0800bce8        0x4 C:/ProgramData/MATLAB/SupportPackages/R2024b/3P.instrset/gnuarm-armcortex.instrset/win/bin/../lib/gcc/arm-none-eabi/13.2.1/thumb/v7e-m+fp/hard/crtbegin.o
                [!provide]                        PROVIDE (__fini_array_end = .)
                0x0800bcec                        . = ALIGN (0x4)
                0x0800bcec                        _sidata = LOADADDR (.data)

.data           0x20000000       0x5c load address 0x0800bcec
                0x20000000                        . = ALIGN (0x4)
                0x20000000                        _sdata = .
 *(.data)
 *(.data*)
 .data.uwTickPrio
                0x20000000        0x4 stm32g4xx_hal.o
                0x20000000                uwTickPrio
 .data.uwTickFreq
                0x20000004        0x4 stm32g4xx_hal.o
                0x20000004                uwTickFreq
 .data.SystemCoreClock
                0x20000008        0x4 system_stm32g4xx.o
                0x20000008                SystemCoreClock
 .data._impure_ptr
                0x2000000c        0x4 C:/ProgramData/MATLAB/SupportPackages/R2024b/3P.instrset/gnuarm-armcortex.instrset/win/bin/../lib/gcc/arm-none-eabi/13.2.1/thumb/v7e-m+fp/hard\libc_nano.a(libc_a-impure.o)
                0x2000000c                _impure_ptr
 .data._impure_data
                0x20000010       0x4c C:/ProgramData/MATLAB/SupportPackages/R2024b/3P.instrset/gnuarm-armcortex.instrset/win/bin/../lib/gcc/arm-none-eabi/13.2.1/thumb/v7e-m+fp/hard\libc_nano.a(libc_a-impure.o)
                0x20000010                _impure_data
 *(.RamFunc)
 *(.RamFunc*)
                0x2000005c                        . = ALIGN (0x4)
                0x2000005c                        _edata = .

.tm_clone_table
                0x2000005c        0x0 load address 0x0800bd48
 .tm_clone_table
                0x2000005c        0x0 C:/ProgramData/MATLAB/SupportPackages/R2024b/3P.instrset/gnuarm-armcortex.instrset/win/bin/../lib/gcc/arm-none-eabi/13.2.1/thumb/v7e-m+fp/hard/crtbegin.o
 .tm_clone_table
                0x2000005c        0x0 C:/ProgramData/MATLAB/SupportPackages/R2024b/3P.instrset/gnuarm-armcortex.instrset/win/bin/../lib/gcc/arm-none-eabi/13.2.1/thumb/v7e-m+fp/hard/crtend.o

.igot.plt       0x2000005c        0x0 load address 0x0800bd48
 .igot.plt      0x2000005c        0x0 C:/ProgramData/MATLAB/SupportPackages/R2024b/3P.instrset/gnuarm-armcortex.instrset/win/bin/../lib/gcc/arm-none-eabi/13.2.1/thumb/v7e-m+fp/hard/crtbegin.o
                0x2000005c                        . = ALIGN (0x4)

.bss            0x20000060      0xb24 load address 0x0800bd48
                0x20000060                        _sbss = .
                0x20000060                        __bss_start__ = _sbss
 *(.bss)
 *(.bss*)
 .bss.completed.1
                0x20000060        0x1 C:/ProgramData/MATLAB/SupportPackages/R2024b/3P.instrset/gnuarm-armcortex.instrset/win/bin/../lib/gcc/arm-none-eabi/13.2.1/thumb/v7e-m+fp/hard/crtbegin.o
 *fill*         0x20000061        0x3 
 .bss.object.0  0x20000064       0x18 C:/ProgramData/MATLAB/SupportPackages/R2024b/3P.instrset/gnuarm-armcortex.instrset/win/bin/../lib/gcc/arm-none-eabi/13.2.1/thumb/v7e-m+fp/hard/crtbegin.o
 .bss.mw_tim3   0x2000007c       0x8c stm_timer_ll.o
                0x2000007c                mw_tim3
 .bss.mw_tim4   0x20000108       0x8c stm_timer_ll.o
                0x20000108                mw_tim4
 .bss.mw_lpuart1
                0x20000194       0x40 stm_lpuart.o
                0x20000194                mw_lpuart1
 *fill*         0x200001d4        0x4 
 .bss.Group31_ProjectWork_EmbeddedS_B
                0x200001d8      0x330 Group31_ProjectWork_EmbeddedSystem.o
                0x200001d8                Group31_ProjectWork_EmbeddedS_B
 .bss.Group31_ProjectWork_Embedded_DW
                0x20000508      0x4b0 Group31_ProjectWork_EmbeddedSystem.o
                0x20000508                Group31_ProjectWork_Embedded_DW
 .bss.Group31_ProjectWork_Emb_PrevZCX
                0x200009b8        0xb Group31_ProjectWork_EmbeddedSystem.o
                0x200009b8                Group31_ProjectWork_Emb_PrevZCX
 *fill*         0x200009c3        0x1 
 .bss.Group31_ProjectWork_Embedded_M_
                0x200009c4        0x4 Group31_ProjectWork_EmbeddedSystem.o
 .bss.resultZC0
                0x200009c8        0x1 Group31_ProjectWork_EmbeddedSystem.o
 .bss.resultZC1
                0x200009c9        0x1 Group31_ProjectWork_EmbeddedSystem.o
 .bss.resultZC10
                0x200009ca        0x1 Group31_ProjectWork_EmbeddedSystem.o
 .bss.resultZC2
                0x200009cb        0x1 Group31_ProjectWork_EmbeddedSystem.o
 .bss.resultZC3
                0x200009cc        0x1 Group31_ProjectWork_EmbeddedSystem.o
 .bss.resultZC4
                0x200009cd        0x1 Group31_ProjectWork_EmbeddedSystem.o
 .bss.resultZC5
                0x200009ce        0x1 Group31_ProjectWork_EmbeddedSystem.o
 .bss.resultZC6
                0x200009cf        0x1 Group31_ProjectWork_EmbeddedSystem.o
 .bss.resultZC7
                0x200009d0        0x1 Group31_ProjectWork_EmbeddedSystem.o
 .bss.resultZC8
                0x200009d1        0x1 Group31_ProjectWork_EmbeddedSystem.o
 .bss.resultZC9
                0x200009d2        0x1 Group31_ProjectWork_EmbeddedSystem.o
 *fill*         0x200009d3        0x1 
 .bss.IsrOverrun
                0x200009d4        0x4 ert_main.o
                0x200009d4                IsrOverrun
 .bss.OverrunFlag
                0x200009d8        0x1 ert_main.o
 .bss.stopRequested
                0x200009d9        0x1 ert_main.o
                0x200009d9                stopRequested
 .bss.runModel  0x200009da        0x1 ert_main.o
                0x200009da                runModel
 *fill*         0x200009db        0x1 
 .bss.schdl_counter
                0x200009dc        0x4 SysTickScheduler.o
                0x200009dc                schdl_counter
 .bss.schdl_counter_max
                0x200009e0        0x4 SysTickScheduler.o
                0x200009e0                schdl_counter_max
 .bss.taskToSchedule
                0x200009e4        0x4 m3m4m4f_multitasking.o
                0x200009e4                taskToSchedule
 .bss.htim2     0x200009e8       0x4c stm32g4xx_hal_timebase_tim.o
                0x200009e8                htim2
 .bss.uwTick    0x20000a34        0x4 stm32g4xx_hal.o
                0x20000a34                uwTick
 .bss.__sbrk_heap_end
                0x20000a38        0x4 sysmem.o
 .bss.__malloc_sbrk_start
                0x20000a3c        0x4 C:/ProgramData/MATLAB/SupportPackages/R2024b/3P.instrset/gnuarm-armcortex.instrset/win/bin/../lib/gcc/arm-none-eabi/13.2.1/thumb/v7e-m+fp/hard\libc_nano.a(libc_a-mallocr.o)
                0x20000a3c                __malloc_sbrk_start
 .bss.__malloc_free_list
                0x20000a40        0x4 C:/ProgramData/MATLAB/SupportPackages/R2024b/3P.instrset/gnuarm-armcortex.instrset/win/bin/../lib/gcc/arm-none-eabi/13.2.1/thumb/v7e-m+fp/hard\libc_nano.a(libc_a-mallocr.o)
                0x20000a40                __malloc_free_list
 .bss.__sf      0x20000a44      0x138 C:/ProgramData/MATLAB/SupportPackages/R2024b/3P.instrset/gnuarm-armcortex.instrset/win/bin/../lib/gcc/arm-none-eabi/13.2.1/thumb/v7e-m+fp/hard\libc_nano.a(libc_a-findfp.o)
                0x20000a44                __sf
 .bss.errno     0x20000b7c        0x4 C:/ProgramData/MATLAB/SupportPackages/R2024b/3P.instrset/gnuarm-armcortex.instrset/win/bin/../lib/gcc/arm-none-eabi/13.2.1/thumb/v7e-m+fp/hard\libc_nano.a(libc_a-reent.o)
                0x20000b7c                errno
 .bss.__lock___malloc_recursive_mutex
                0x20000b80        0x1 C:/ProgramData/MATLAB/SupportPackages/R2024b/3P.instrset/gnuarm-armcortex.instrset/win/bin/../lib/gcc/arm-none-eabi/13.2.1/thumb/v7e-m+fp/hard\libc_nano.a(libc_a-lock.o)
                0x20000b80                __lock___malloc_recursive_mutex
 *(COMMON)
                0x20000b84                        . = ALIGN (0x4)
 *fill*         0x20000b81        0x3 
                0x20000b84                        _ebss = .
                0x20000b84                        __bss_end__ = _ebss

._user_heap_stack
                0x20000b84      0x604 load address 0x0800bd48
                0x20000b88                        . = ALIGN (0x8)
 *fill*         0x20000b84        0x4 
                [!provide]                        PROVIDE (end = .)
                0x20000b88                        PROVIDE (_end = .)
                0x20000d88                        . = (. + _Min_Heap_Size)
 *fill*         0x20000b88      0x200 
                0x20001188                        . = (. + _Min_Stack_Size)
 *fill*         0x20000d88      0x400 
                0x20001188                        . = ALIGN (0x8)

/DISCARD/
 libc.a(*)
 libm.a(*)
 libgcc.a(*)

.ARM.attributes
                0x00000000       0x30
 *(.ARM.attributes)
 .ARM.attributes
                0x00000000       0x22 C:/ProgramData/MATLAB/SupportPackages/R2024b/3P.instrset/gnuarm-armcortex.instrset/win/bin/../lib/gcc/arm-none-eabi/13.2.1/thumb/v7e-m+fp/hard/crti.o
 .ARM.attributes
                0x00000022       0x34 C:/ProgramData/MATLAB/SupportPackages/R2024b/3P.instrset/gnuarm-armcortex.instrset/win/bin/../lib/gcc/arm-none-eabi/13.2.1/thumb/v7e-m+fp/hard/crtbegin.o
 .ARM.attributes
                0x00000056       0x34 stm_timer_ll.o
 .ARM.attributes
                0x0000008a       0x34 stm_usart.o
 .ARM.attributes
                0x000000be       0x34 stm_lpuart.o
 .ARM.attributes
                0x000000f2       0x34 Group31_ProjectWork_EmbeddedSystem.o
 .ARM.attributes
                0x00000126       0x34 ert_main.o
 .ARM.attributes
                0x0000015a       0x34 rt_zcfcn.o
 .ARM.attributes
                0x0000018e       0x34 platform_timer.o
 .ARM.attributes
                0x000001c2       0x34 SysTickScheduler.o
 .ARM.attributes
                0x000001f6       0x34 m3m4m4f_multitasking.o
 .ARM.attributes
                0x0000022a       0x34 main.o
 .ARM.attributes
                0x0000025e       0x34 stm32g4xx_it.o
 .ARM.attributes
                0x00000292       0x34 stm32g4xx_hal_msp.o
 .ARM.attributes
                0x000002c6       0x34 stm32g4xx_hal_timebase_tim.o
 .ARM.attributes
                0x000002fa       0x34 stm32g4xx_ll_utils.o
 .ARM.attributes
                0x0000032e       0x34 stm32g4xx_ll_exti.o
 .ARM.attributes
                0x00000362       0x34 stm32g4xx_ll_gpio.o
 .ARM.attributes
                0x00000396       0x34 stm32g4xx_ll_lpuart.o
 .ARM.attributes
                0x000003ca       0x34 stm32g4xx_ll_rcc.o
 .ARM.attributes
                0x000003fe       0x34 stm32g4xx_hal.o
 .ARM.attributes
                0x00000432       0x34 stm32g4xx_hal_rcc.o
 .ARM.attributes
                0x00000466       0x34 stm32g4xx_hal_pwr_ex.o
 .ARM.attributes
                0x0000049a       0x34 stm32g4xx_hal_cortex.o
 .ARM.attributes
                0x000004ce       0x34 stm32g4xx_hal_tim.o
 .ARM.attributes
                0x00000502       0x34 stm32g4xx_hal_tim_ex.o
 .ARM.attributes
                0x00000536       0x34 stm32g4xx_ll_tim.o
 .ARM.attributes
                0x0000056a       0x34 system_stm32g4xx.o
 .ARM.attributes
                0x0000059e       0x34 sysmem.o
 .ARM.attributes
                0x000005d2       0x21 startup_stm32g474retx.o
 .ARM.attributes
                0x000005f3       0x34 C:/ProgramData/MATLAB/SupportPackages/R2024b/3P.instrset/gnuarm-armcortex.instrset/win/bin/../lib/gcc/arm-none-eabi/13.2.1/thumb/v7e-m+fp/hard\libm.a(libm_a-s_ceil.o)
 .ARM.attributes
                0x00000627       0x22 C:/ProgramData/MATLAB/SupportPackages/R2024b/3P.instrset/gnuarm-armcortex.instrset/win/bin/../lib/gcc/arm-none-eabi/13.2.1/thumb/v7e-m+fp/hard\libgcc.a(_arm_addsubdf3.o)
 .ARM.attributes
                0x00000649       0x22 C:/ProgramData/MATLAB/SupportPackages/R2024b/3P.instrset/gnuarm-armcortex.instrset/win/bin/../lib/gcc/arm-none-eabi/13.2.1/thumb/v7e-m+fp/hard\libgcc.a(_arm_muldivdf3.o)
 .ARM.attributes
                0x0000066b       0x22 C:/ProgramData/MATLAB/SupportPackages/R2024b/3P.instrset/gnuarm-armcortex.instrset/win/bin/../lib/gcc/arm-none-eabi/13.2.1/thumb/v7e-m+fp/hard\libgcc.a(_arm_cmpdf2.o)
 .ARM.attributes
                0x0000068d       0x22 C:/ProgramData/MATLAB/SupportPackages/R2024b/3P.instrset/gnuarm-armcortex.instrset/win/bin/../lib/gcc/arm-none-eabi/13.2.1/thumb/v7e-m+fp/hard\libgcc.a(_arm_fixdfsi.o)
 .ARM.attributes
                0x000006af       0x22 C:/ProgramData/MATLAB/SupportPackages/R2024b/3P.instrset/gnuarm-armcortex.instrset/win/bin/../lib/gcc/arm-none-eabi/13.2.1/thumb/v7e-m+fp/hard\libgcc.a(_arm_fixunsdfsi.o)
 .ARM.attributes
                0x000006d1       0x22 C:/ProgramData/MATLAB/SupportPackages/R2024b/3P.instrset/gnuarm-armcortex.instrset/win/bin/../lib/gcc/arm-none-eabi/13.2.1/thumb/v7e-m+fp/hard\libgcc.a(_arm_truncdfsf2.o)
 .ARM.attributes
                0x000006f3       0x22 C:/ProgramData/MATLAB/SupportPackages/R2024b/3P.instrset/gnuarm-armcortex.instrset/win/bin/../lib/gcc/arm-none-eabi/13.2.1/thumb/v7e-m+fp/hard\libgcc.a(_aeabi_uldivmod.o)
 .ARM.attributes
                0x00000715       0x34 C:/ProgramData/MATLAB/SupportPackages/R2024b/3P.instrset/gnuarm-armcortex.instrset/win/bin/../lib/gcc/arm-none-eabi/13.2.1/thumb/v7e-m+fp/hard\libgcc.a(_udivmoddi4.o)
 .ARM.attributes
                0x00000749       0x22 C:/ProgramData/MATLAB/SupportPackages/R2024b/3P.instrset/gnuarm-armcortex.instrset/win/bin/../lib/gcc/arm-none-eabi/13.2.1/thumb/v7e-m+fp/hard\libgcc.a(_dvmd_tls.o)
 .ARM.attributes
                0x0000076b       0x34 C:/ProgramData/MATLAB/SupportPackages/R2024b/3P.instrset/gnuarm-armcortex.instrset/win/bin/../lib/gcc/arm-none-eabi/13.2.1/thumb/v7e-m+fp/hard\libc_nano.a(libc_a-malloc.o)
 .ARM.attributes
                0x0000079f       0x34 C:/ProgramData/MATLAB/SupportPackages/R2024b/3P.instrset/gnuarm-armcortex.instrset/win/bin/../lib/gcc/arm-none-eabi/13.2.1/thumb/v7e-m+fp/hard\libc_nano.a(libc_a-mallocr.o)
 .ARM.attributes
                0x000007d3       0x34 C:/ProgramData/MATLAB/SupportPackages/R2024b/3P.instrset/gnuarm-armcortex.instrset/win/bin/../lib/gcc/arm-none-eabi/13.2.1/thumb/v7e-m+fp/hard\libc_nano.a(libc_a-mlock.o)
 .ARM.attributes
                0x00000807       0x34 C:/ProgramData/MATLAB/SupportPackages/R2024b/3P.instrset/gnuarm-armcortex.instrset/win/bin/../lib/gcc/arm-none-eabi/13.2.1/thumb/v7e-m+fp/hard\libc_nano.a(libc_a-findfp.o)
 .ARM.attributes
                0x0000083b       0x34 C:/ProgramData/MATLAB/SupportPackages/R2024b/3P.instrset/gnuarm-armcortex.instrset/win/bin/../lib/gcc/arm-none-eabi/13.2.1/thumb/v7e-m+fp/hard\libc_nano.a(libc_a-memset.o)
 .ARM.attributes
                0x0000086f       0x34 C:/ProgramData/MATLAB/SupportPackages/R2024b/3P.instrset/gnuarm-armcortex.instrset/win/bin/../lib/gcc/arm-none-eabi/13.2.1/thumb/v7e-m+fp/hard\libc_nano.a(libc_a-strncpy.o)
 .ARM.attributes
                0x000008a3       0x34 C:/ProgramData/MATLAB/SupportPackages/R2024b/3P.instrset/gnuarm-armcortex.instrset/win/bin/../lib/gcc/arm-none-eabi/13.2.1/thumb/v7e-m+fp/hard\libc_nano.a(libc_a-reent.o)
 .ARM.attributes
                0x000008d7       0x34 C:/ProgramData/MATLAB/SupportPackages/R2024b/3P.instrset/gnuarm-armcortex.instrset/win/bin/../lib/gcc/arm-none-eabi/13.2.1/thumb/v7e-m+fp/hard\libc_nano.a(libc_a-impure.o)
 .ARM.attributes
                0x0000090b       0x34 C:/ProgramData/MATLAB/SupportPackages/R2024b/3P.instrset/gnuarm-armcortex.instrset/win/bin/../lib/gcc/arm-none-eabi/13.2.1/thumb/v7e-m+fp/hard\libc_nano.a(libc_a-sbrkr.o)
 .ARM.attributes
                0x0000093f       0x34 C:/ProgramData/MATLAB/SupportPackages/R2024b/3P.instrset/gnuarm-armcortex.instrset/win/bin/../lib/gcc/arm-none-eabi/13.2.1/thumb/v7e-m+fp/hard\libc_nano.a(libc_a-errno.o)
 .ARM.attributes
                0x00000973       0x34 C:/ProgramData/MATLAB/SupportPackages/R2024b/3P.instrset/gnuarm-armcortex.instrset/win/bin/../lib/gcc/arm-none-eabi/13.2.1/thumb/v7e-m+fp/hard\libc_nano.a(libc_a-init.o)
 .ARM.attributes
                0x000009a7       0x34 C:/ProgramData/MATLAB/SupportPackages/R2024b/3P.instrset/gnuarm-armcortex.instrset/win/bin/../lib/gcc/arm-none-eabi/13.2.1/thumb/v7e-m+fp/hard\libc_nano.a(libc_a-lock.o)
 .ARM.attributes
                0x000009db       0x34 C:/ProgramData/MATLAB/SupportPackages/R2024b/3P.instrset/gnuarm-armcortex.instrset/win/bin/../lib/gcc/arm-none-eabi/13.2.1/thumb/v7e-m+fp/hard\libc_nano.a(libc_a-memcpy-stub.o)
 .ARM.attributes
                0x00000a0f       0x17 C:/ProgramData/MATLAB/SupportPackages/R2024b/3P.instrset/gnuarm-armcortex.instrset/win/bin/../lib/gcc/arm-none-eabi/13.2.1/thumb/v7e-m+fp/hard\libc_nano.a(libc_a-strlen.o)
 .ARM.attributes
                0x00000a26       0x34 C:/ProgramData/MATLAB/SupportPackages/R2024b/3P.instrset/gnuarm-armcortex.instrset/win/bin/../lib/gcc/arm-none-eabi/13.2.1/thumb/v7e-m+fp/hard\libc_nano.a(libc_a-freer.o)
 .ARM.attributes
                0x00000a5a       0x34 C:/ProgramData/MATLAB/SupportPackages/R2024b/3P.instrset/gnuarm-armcortex.instrset/win/bin/../lib/gcc/arm-none-eabi/13.2.1/thumb/v7e-m+fp/hard/crtend.o
 .ARM.attributes
                0x00000a8e       0x22 C:/ProgramData/MATLAB/SupportPackages/R2024b/3P.instrset/gnuarm-armcortex.instrset/win/bin/../lib/gcc/arm-none-eabi/13.2.1/thumb/v7e-m+fp/hard/crtn.o
OUTPUT(../Group31_ProjectWork_EmbeddedSystem.elf elf32-littlearm)
LOAD linker stubs
LOAD C:/ProgramData/MATLAB/SupportPackages/R2024b/3P.instrset/gnuarm-armcortex.instrset/win/bin/../lib/gcc/arm-none-eabi/13.2.1/thumb/v7e-m+fp/hard\libc.a
LOAD C:/ProgramData/MATLAB/SupportPackages/R2024b/3P.instrset/gnuarm-armcortex.instrset/win/bin/../lib/gcc/arm-none-eabi/13.2.1/thumb/v7e-m+fp/hard\libm.a
LOAD C:/ProgramData/MATLAB/SupportPackages/R2024b/3P.instrset/gnuarm-armcortex.instrset/win/bin/../lib/gcc/arm-none-eabi/13.2.1/thumb/v7e-m+fp/hard\libgcc.a

.comment        0x00000000       0x44
 .comment       0x00000000       0x44 stm_timer_ll.o
                                 0x45 (size before relaxing)
 .comment       0x00000044       0x45 stm_usart.o
 .comment       0x00000044       0x45 stm_lpuart.o
 .comment       0x00000044       0x45 Group31_ProjectWork_EmbeddedSystem.o
 .comment       0x00000044       0x45 ert_main.o
 .comment       0x00000044       0x45 rt_zcfcn.o
 .comment       0x00000044       0x45 platform_timer.o
 .comment       0x00000044       0x45 SysTickScheduler.o
 .comment       0x00000044       0x45 m3m4m4f_multitasking.o
 .comment       0x00000044       0x45 main.o
 .comment       0x00000044       0x45 stm32g4xx_it.o
 .comment       0x00000044       0x45 stm32g4xx_hal_msp.o
 .comment       0x00000044       0x45 stm32g4xx_hal_timebase_tim.o
 .comment       0x00000044       0x45 stm32g4xx_ll_utils.o
 .comment       0x00000044       0x45 stm32g4xx_ll_exti.o
 .comment       0x00000044       0x45 stm32g4xx_ll_gpio.o
 .comment       0x00000044       0x45 stm32g4xx_ll_lpuart.o
 .comment       0x00000044       0x45 stm32g4xx_ll_rcc.o
 .comment       0x00000044       0x45 stm32g4xx_hal.o
 .comment       0x00000044       0x45 stm32g4xx_hal_rcc.o
 .comment       0x00000044       0x45 stm32g4xx_hal_pwr_ex.o
 .comment       0x00000044       0x45 stm32g4xx_hal_cortex.o
 .comment       0x00000044       0x45 stm32g4xx_hal_tim.o
 .comment       0x00000044       0x45 stm32g4xx_hal_tim_ex.o
 .comment       0x00000044       0x45 stm32g4xx_ll_tim.o
 .comment       0x00000044       0x45 system_stm32g4xx.o
 .comment       0x00000044       0x45 sysmem.o

.debug_frame    0x00000000      0x6b8
 .debug_frame   0x00000000       0x30 C:/ProgramData/MATLAB/SupportPackages/R2024b/3P.instrset/gnuarm-armcortex.instrset/win/bin/../lib/gcc/arm-none-eabi/13.2.1/thumb/v7e-m+fp/hard\libm.a(libm_a-s_ceil.o)
 .debug_frame   0x00000030       0xac C:/ProgramData/MATLAB/SupportPackages/R2024b/3P.instrset/gnuarm-armcortex.instrset/win/bin/../lib/gcc/arm-none-eabi/13.2.1/thumb/v7e-m+fp/hard\libgcc.a(_arm_addsubdf3.o)
 .debug_frame   0x000000dc       0x50 C:/ProgramData/MATLAB/SupportPackages/R2024b/3P.instrset/gnuarm-armcortex.instrset/win/bin/../lib/gcc/arm-none-eabi/13.2.1/thumb/v7e-m+fp/hard\libgcc.a(_arm_muldivdf3.o)
 .debug_frame   0x0000012c       0xc4 C:/ProgramData/MATLAB/SupportPackages/R2024b/3P.instrset/gnuarm-armcortex.instrset/win/bin/../lib/gcc/arm-none-eabi/13.2.1/thumb/v7e-m+fp/hard\libgcc.a(_arm_cmpdf2.o)
 .debug_frame   0x000001f0       0x24 C:/ProgramData/MATLAB/SupportPackages/R2024b/3P.instrset/gnuarm-armcortex.instrset/win/bin/../lib/gcc/arm-none-eabi/13.2.1/thumb/v7e-m+fp/hard\libgcc.a(_arm_fixdfsi.o)
 .debug_frame   0x00000214       0x24 C:/ProgramData/MATLAB/SupportPackages/R2024b/3P.instrset/gnuarm-armcortex.instrset/win/bin/../lib/gcc/arm-none-eabi/13.2.1/thumb/v7e-m+fp/hard\libgcc.a(_arm_fixunsdfsi.o)
 .debug_frame   0x00000238       0x24 C:/ProgramData/MATLAB/SupportPackages/R2024b/3P.instrset/gnuarm-armcortex.instrset/win/bin/../lib/gcc/arm-none-eabi/13.2.1/thumb/v7e-m+fp/hard\libgcc.a(_arm_truncdfsf2.o)
 .debug_frame   0x0000025c       0x2c C:/ProgramData/MATLAB/SupportPackages/R2024b/3P.instrset/gnuarm-armcortex.instrset/win/bin/../lib/gcc/arm-none-eabi/13.2.1/thumb/v7e-m+fp/hard\libgcc.a(_aeabi_uldivmod.o)
 .debug_frame   0x00000288       0x34 C:/ProgramData/MATLAB/SupportPackages/R2024b/3P.instrset/gnuarm-armcortex.instrset/win/bin/../lib/gcc/arm-none-eabi/13.2.1/thumb/v7e-m+fp/hard\libgcc.a(_udivmoddi4.o)
 .debug_frame   0x000002bc       0x30 C:/ProgramData/MATLAB/SupportPackages/R2024b/3P.instrset/gnuarm-armcortex.instrset/win/bin/../lib/gcc/arm-none-eabi/13.2.1/thumb/v7e-m+fp/hard\libc_nano.a(libc_a-malloc.o)
 .debug_frame   0x000002ec       0x50 C:/ProgramData/MATLAB/SupportPackages/R2024b/3P.instrset/gnuarm-armcortex.instrset/win/bin/../lib/gcc/arm-none-eabi/13.2.1/thumb/v7e-m+fp/hard\libc_nano.a(libc_a-mallocr.o)
 .debug_frame   0x0000033c       0x30 C:/ProgramData/MATLAB/SupportPackages/R2024b/3P.instrset/gnuarm-armcortex.instrset/win/bin/../lib/gcc/arm-none-eabi/13.2.1/thumb/v7e-m+fp/hard\libc_nano.a(libc_a-mlock.o)
 .debug_frame   0x0000036c      0x144 C:/ProgramData/MATLAB/SupportPackages/R2024b/3P.instrset/gnuarm-armcortex.instrset/win/bin/../lib/gcc/arm-none-eabi/13.2.1/thumb/v7e-m+fp/hard\libc_nano.a(libc_a-findfp.o)
 .debug_frame   0x000004b0       0x20 C:/ProgramData/MATLAB/SupportPackages/R2024b/3P.instrset/gnuarm-armcortex.instrset/win/bin/../lib/gcc/arm-none-eabi/13.2.1/thumb/v7e-m+fp/hard\libc_nano.a(libc_a-memset.o)
 .debug_frame   0x000004d0       0x28 C:/ProgramData/MATLAB/SupportPackages/R2024b/3P.instrset/gnuarm-armcortex.instrset/win/bin/../lib/gcc/arm-none-eabi/13.2.1/thumb/v7e-m+fp/hard\libc_nano.a(libc_a-strncpy.o)
 .debug_frame   0x000004f8       0x38 C:/ProgramData/MATLAB/SupportPackages/R2024b/3P.instrset/gnuarm-armcortex.instrset/win/bin/../lib/gcc/arm-none-eabi/13.2.1/thumb/v7e-m+fp/hard\libc_nano.a(libc_a-reent.o)
 .debug_frame   0x00000530       0x2c C:/ProgramData/MATLAB/SupportPackages/R2024b/3P.instrset/gnuarm-armcortex.instrset/win/bin/../lib/gcc/arm-none-eabi/13.2.1/thumb/v7e-m+fp/hard\libc_nano.a(libc_a-sbrkr.o)
 .debug_frame   0x0000055c       0x20 C:/ProgramData/MATLAB/SupportPackages/R2024b/3P.instrset/gnuarm-armcortex.instrset/win/bin/../lib/gcc/arm-none-eabi/13.2.1/thumb/v7e-m+fp/hard\libc_nano.a(libc_a-errno.o)
 .debug_frame   0x0000057c       0x2c C:/ProgramData/MATLAB/SupportPackages/R2024b/3P.instrset/gnuarm-armcortex.instrset/win/bin/../lib/gcc/arm-none-eabi/13.2.1/thumb/v7e-m+fp/hard\libc_nano.a(libc_a-init.o)
 .debug_frame   0x000005a8       0xb0 C:/ProgramData/MATLAB/SupportPackages/R2024b/3P.instrset/gnuarm-armcortex.instrset/win/bin/../lib/gcc/arm-none-eabi/13.2.1/thumb/v7e-m+fp/hard\libc_nano.a(libc_a-lock.o)
 .debug_frame   0x00000658       0x28 C:/ProgramData/MATLAB/SupportPackages/R2024b/3P.instrset/gnuarm-armcortex.instrset/win/bin/../lib/gcc/arm-none-eabi/13.2.1/thumb/v7e-m+fp/hard\libc_nano.a(libc_a-memcpy-stub.o)
 .debug_frame   0x00000680       0x38 C:/ProgramData/MATLAB/SupportPackages/R2024b/3P.instrset/gnuarm-armcortex.instrset/win/bin/../lib/gcc/arm-none-eabi/13.2.1/thumb/v7e-m+fp/hard\libc_nano.a(libc_a-freer.o)

.debug_line_str
                0x00000000      0x1cd
 .debug_line_str
                0x00000000      0x1cd C:/ProgramData/MATLAB/SupportPackages/R2024b/3P.instrset/gnuarm-armcortex.instrset/win/bin/../lib/gcc/arm-none-eabi/13.2.1/thumb/v7e-m+fp/hard\libgcc.a(_arm_addsubdf3.o)
                                 0xce (size before relaxing)
 .debug_line_str
                0x000001cd       0xce C:/ProgramData/MATLAB/SupportPackages/R2024b/3P.instrset/gnuarm-armcortex.instrset/win/bin/../lib/gcc/arm-none-eabi/13.2.1/thumb/v7e-m+fp/hard\libgcc.a(_arm_muldivdf3.o)
 .debug_line_str
                0x000001cd       0xce C:/ProgramData/MATLAB/SupportPackages/R2024b/3P.instrset/gnuarm-armcortex.instrset/win/bin/../lib/gcc/arm-none-eabi/13.2.1/thumb/v7e-m+fp/hard\libgcc.a(_arm_cmpdf2.o)
 .debug_line_str
                0x000001cd       0xce C:/ProgramData/MATLAB/SupportPackages/R2024b/3P.instrset/gnuarm-armcortex.instrset/win/bin/../lib/gcc/arm-none-eabi/13.2.1/thumb/v7e-m+fp/hard\libgcc.a(_arm_fixdfsi.o)
 .debug_line_str
                0x000001cd       0xce C:/ProgramData/MATLAB/SupportPackages/R2024b/3P.instrset/gnuarm-armcortex.instrset/win/bin/../lib/gcc/arm-none-eabi/13.2.1/thumb/v7e-m+fp/hard\libgcc.a(_arm_fixunsdfsi.o)
 .debug_line_str
                0x000001cd       0xce C:/ProgramData/MATLAB/SupportPackages/R2024b/3P.instrset/gnuarm-armcortex.instrset/win/bin/../lib/gcc/arm-none-eabi/13.2.1/thumb/v7e-m+fp/hard\libgcc.a(_arm_truncdfsf2.o)
 .debug_line_str
                0x000001cd       0xc9 C:/ProgramData/MATLAB/SupportPackages/R2024b/3P.instrset/gnuarm-armcortex.instrset/win/bin/../lib/gcc/arm-none-eabi/13.2.1/thumb/v7e-m+fp/hard\libgcc.a(_aeabi_uldivmod.o)
 .debug_line_str
                0x000001cd       0xcd C:/ProgramData/MATLAB/SupportPackages/R2024b/3P.instrset/gnuarm-armcortex.instrset/win/bin/../lib/gcc/arm-none-eabi/13.2.1/thumb/v7e-m+fp/hard\libgcc.a(_dvmd_tls.o)
 .debug_line_str
                0x000001cd       0xeb C:/ProgramData/MATLAB/SupportPackages/R2024b/3P.instrset/gnuarm-armcortex.instrset/win/bin/../lib/gcc/arm-none-eabi/13.2.1/thumb/v7e-m+fp/hard\libc_nano.a(libc_a-strlen.o)
